[    0.000000] Initializing cgroup subsys cpuset
[    0.000000] Initializing cgroup subsys cpu
[    0.000000] Initializing cgroup subsys cpuacct
[    0.000000] Linux version 4.4.0-83-generic (buildd@lgw01-29) (gcc version 5.4.0 20160609 (Ubuntu 5.4.0-6ubuntu1~16.04.4) ) #106-Ubuntu SMP Mon Jun 26 17:54:43 UTC 2017 (Ubuntu 4.4.0-83.106-generic 4.4.70)
[    0.000000] Command line: BOOT_IMAGE=/boot/vmlinuz-4.4.0-83-generic root=LABEL=cloudimg-rootfs ro console=tty1 console=ttyS0
[    0.000000] KERNEL supported cpus:
[    0.000000]   Intel GenuineIntel
[    0.000000]   AMD AuthenticAMD
[    0.000000]   Centaur CentaurHauls
[    0.000000] x86/fpu: xstate_offset[2]:  576, xstate_sizes[2]:  256
[    0.000000] x86/fpu: Supporting XSAVE feature 0x01: 'x87 floating point registers'
[    0.000000] x86/fpu: Supporting XSAVE feature 0x02: 'SSE registers'
[    0.000000] x86/fpu: Supporting XSAVE feature 0x04: 'AVX registers'
[    0.000000] x86/fpu: Enabled xstate features 0x7, context size is 832 bytes, using 'standard' format.
[    0.000000] x86/fpu: Using 'lazy' FPU context switches.
[    0.000000] e820: BIOS-provided physical RAM map:
[    0.000000] BIOS-e820: [mem 0x0000000000000000-0x000000000009fbff] usable
[    0.000000] BIOS-e820: [mem 0x000000000009fc00-0x000000000009ffff] reserved
[    0.000000] BIOS-e820: [mem 0x00000000000f0000-0x00000000000fffff] reserved
[    0.000000] BIOS-e820: [mem 0x0000000000100000-0x000000003ffeffff] usable
[    0.000000] BIOS-e820: [mem 0x000000003fff0000-0x000000003fffffff] ACPI data
[    0.000000] BIOS-e820: [mem 0x00000000fec00000-0x00000000fec00fff] reserved
[    0.000000] BIOS-e820: [mem 0x00000000fee00000-0x00000000fee00fff] reserved
[    0.000000] BIOS-e820: [mem 0x00000000fffc0000-0x00000000ffffffff] reserved
[    0.000000] NX (Execute Disable) protection: active
[    0.000000] SMBIOS 2.5 present.
[    0.000000] Hypervisor detected: KVM
[    0.000000] e820: last_pfn = 0x3fff0 max_arch_pfn = 0x400000000
[    0.000000] MTRR: Disabled
[    0.000000] x86/PAT: MTRRs disabled, skipping PAT initialization too.
[    0.000000] x86/PAT: Configuration [0-7]: WB  WT  UC- UC  WB  WT  UC- UC  
[    0.000000] CPU MTRRs all blank - virtualized system.
[    0.000000] found SMP MP-table at [mem 0x0009fff0-0x0009ffff] mapped at [ffff88000009fff0]
[    0.000000] Scanning 1 areas for low memory corruption
[    0.000000] RAMDISK: [mem 0x36ade000-0x37566fff]
[    0.000000] ACPI: Early table checksum verification disabled
[    0.000000] ACPI: RSDP 0x00000000000E0000 000024 (v02 VBOX  )
[    0.000000] ACPI: XSDT 0x000000003FFF0030 00003C (v01 VBOX   VBOXXSDT 00000001 ASL  00000061)
[    0.000000] ACPI: FACP 0x000000003FFF00F0 0000F4 (v04 VBOX   VBOXFACP 00000001 ASL  00000061)
[    0.000000] ACPI: DSDT 0x000000003FFF0470 0021C8 (v02 VBOX   VBOXBIOS 00000002 INTL 20100528)
[    0.000000] ACPI: FACS 0x000000003FFF0200 000040
[    0.000000] ACPI: FACS 0x000000003FFF0200 000040
[    0.000000] ACPI: APIC 0x000000003FFF0240 00005C (v02 VBOX   VBOXAPIC 00000001 ASL  00000061)
[    0.000000] ACPI: SSDT 0x000000003FFF02A0 0001CC (v01 VBOX   VBOXCPUT 00000002 INTL 20100528)
[    0.000000] No NUMA configuration found
[    0.000000] Faking a node at [mem 0x0000000000000000-0x000000003ffeffff]
[    0.000000] NODE_DATA(0) allocated [mem 0x3ffeb000-0x3ffeffff]
[    0.000000] kvm-clock: Using msrs 4b564d01 and 4b564d00
[    0.000000] kvm-clock: cpu 0, msr 0:3ffe3001, primary cpu clock
[    0.000000] kvm-clock: using sched offset of 4946182350 cycles
[    0.000000] clocksource: kvm-clock: mask: 0xffffffffffffffff max_cycles: 0x1cd42e4dffb, max_idle_ns: 881590591483 ns
[    0.000000] Zone ranges:
[    0.000000]   DMA      [mem 0x0000000000001000-0x0000000000ffffff]
[    0.000000]   DMA32    [mem 0x0000000001000000-0x000000003ffeffff]
[    0.000000]   Normal   empty
[    0.000000]   Device   empty
[    0.000000] Movable zone start for each node
[    0.000000] Early memory node ranges
[    0.000000]   node   0: [mem 0x0000000000001000-0x000000000009efff]
[    0.000000]   node   0: [mem 0x0000000000100000-0x000000003ffeffff]
[    0.000000] Initmem setup node 0 [mem 0x0000000000001000-0x000000003ffeffff]
[    0.000000] ACPI: PM-Timer IO Port: 0x4008
[    0.000000] IOAPIC[0]: apic_id 2, version 32, address 0xfec00000, GSI 0-23
[    0.000000] ACPI: INT_SRC_OVR (bus 0 bus_irq 0 global_irq 2 dfl dfl)
[    0.000000] ACPI: INT_SRC_OVR (bus 0 bus_irq 9 global_irq 9 high level)
[    0.000000] Using ACPI (MADT) for SMP configuration information
[    0.000000] smpboot: Allowing 2 CPUs, 0 hotplug CPUs
[    0.000000] PM: Registered nosave memory: [mem 0x00000000-0x00000fff]
[    0.000000] PM: Registered nosave memory: [mem 0x0009f000-0x0009ffff]
[    0.000000] PM: Registered nosave memory: [mem 0x000a0000-0x000effff]
[    0.000000] PM: Registered nosave memory: [mem 0x000f0000-0x000fffff]
[    0.000000] e820: [mem 0x40000000-0xfebfffff] available for PCI devices
[    0.000000] Booting paravirtualized kernel on KVM
[    0.000000] clocksource: refined-jiffies: mask: 0xffffffff max_cycles: 0xffffffff, max_idle_ns: 7645519600211568 ns
[    0.000000] setup_percpu: NR_CPUS:512 nr_cpumask_bits:512 nr_cpu_ids:2 nr_node_ids:1
[    0.000000] PERCPU: Embedded 33 pages/cpu @ffff88003fc00000 s98264 r8192 d28712 u1048576
[    0.000000] PV qspinlock hash table entries: 256 (order: 0, 4096 bytes)
[    0.000000] Built 1 zonelists in Node order, mobility grouping on.  Total pages: 257913
[    0.000000] Policy zone: DMA32
[    0.000000] Kernel command line: BOOT_IMAGE=/boot/vmlinuz-4.4.0-83-generic root=LABEL=cloudimg-rootfs ro console=tty1 console=ttyS0
[    0.000000] PID hash table entries: 4096 (order: 3, 32768 bytes)
[    0.000000] Memory: 1001788K/1048120K available (8469K kernel code, 1294K rwdata, 3984K rodata, 1488K init, 1316K bss, 46332K reserved, 0K cma-reserved)
[    0.000000] SLUB: HWalign=64, Order=0-3, MinObjects=0, CPUs=2, Nodes=1
[    0.000000] Hierarchical RCU implementation.
[    0.000000] 	Build-time adjustment of leaf fanout to 64.
[    0.000000] 	RCU restricting CPUs from NR_CPUS=512 to nr_cpu_ids=2.
[    0.000000] RCU: Adjusting geometry for rcu_fanout_leaf=64, nr_cpu_ids=2
[    0.000000] NR_IRQS:33024 nr_irqs:440 16
[    0.000000] Console: colour VGA+ 80x25
[    0.000000] console [tty1] enabled
[    0.000000] console [ttyS0] enabled
[    0.000000] tsc: Detected 2494.344 MHz processor
[    0.695910] Calibrating delay loop (skipped) preset value.. 4988.68 BogoMIPS (lpj=9977376)
[    0.699070] pid_max: default: 32768 minimum: 301
[    0.701473] ACPI: Core revision 20150930
[    0.705644] ACPI: 2 ACPI AML tables successfully acquired and loaded
[    0.709182] Security Framework initialized
[    0.711231] Yama: becoming mindful.
[    0.712914] AppArmor: AppArmor initialized
[    0.715364] Dentry cache hash table entries: 131072 (order: 8, 1048576 bytes)
[    0.718521] Inode-cache hash table entries: 65536 (order: 7, 524288 bytes)
[    0.723115] Mount-cache hash table entries: 2048 (order: 2, 16384 bytes)
[    0.726053] Mountpoint-cache hash table entries: 2048 (order: 2, 16384 bytes)
[    0.728954] Initializing cgroup subsys io
[    0.731854] Initializing cgroup subsys memory
[    0.733599] Initializing cgroup subsys devices
[    0.745681] Initializing cgroup subsys freezer
[    0.747436] Initializing cgroup subsys net_cls
[    0.749464] Initializing cgroup subsys perf_event
[    0.756162] Initializing cgroup subsys net_prio
[    0.757844] Initializing cgroup subsys hugetlb
[    0.759595] Initializing cgroup subsys pids
[    0.761695] CPU: Physical Processor ID: 0
[    0.766093] CPU: Processor Core ID: 0
[    0.768109] mce: CPU supports 0 MCE banks
[    0.769960] Last level iTLB entries: 4KB 512, 2MB 8, 4MB 8
[    0.772254] Last level dTLB entries: 4KB 512, 2MB 32, 4MB 32, 1GB 0
[    0.780770] Freeing SMP alternatives memory: 32K (ffffffff820b9000 - ffffffff820c1000)
[    0.812214] ftrace: allocating 32129 entries in 126 pages
[    0.900482] smpboot: APIC(0) Converting physical 0 to logical package 0
[    0.903193] smpboot: Max logical packages: 1
[    0.906176] x2apic enabled
[    0.907982] Switched APIC routing to physical x2apic.
[    0.912820] ..TIMER: vector=0x30 apic1=0 pin1=2 apic2=-1 pin2=-1
[    1.029802] smpboot: CPU0: Intel(R) Core(TM) i5-3210M CPU @ 2.50GHz (family: 0x6, model: 0x3a, stepping: 0x9)
[    1.040490] Performance Events: unsupported p6 CPU model 58 no PMU driver, software events only.
[    1.061464] KVM setup paravirtual spinlock
[    1.065690] x86: Booting SMP configuration:
[    1.074744] .... node  #0, CPUs:      #1
[    1.076434] kvm-clock: cpu 1, msr 0:3ffe3041, secondary cpu clock
[    1.078497] mce: CPU supports 0 MCE banks
[    1.082103] x86: Booted up 1 node, 2 CPUs
[    1.087231] smpboot: Total of 2 processors activated (9977.37 BogoMIPS)
[    1.090748] devtmpfs: initialized
[    1.095100] evm: security.selinux
[    1.100247] evm: security.SMACK64
[    1.101642] evm: security.SMACK64EXEC
[    1.105962] evm: security.SMACK64TRANSMUTE
[    1.107429] evm: security.SMACK64MMAP
[    1.108870] evm: security.ima
[    1.113273] evm: security.capability
[    1.116983] clocksource: jiffies: mask: 0xffffffff max_cycles: 0xffffffff, max_idle_ns: 7645041785100000 ns
[    1.121364] futex hash table entries: 512 (order: 3, 32768 bytes)
[    1.126103] pinctrl core: initialized pinctrl subsystem
[    1.128164] RTC time:  3:25:34, date: 07/14/17
[    1.142790] NET: Registered protocol family 16
[    1.171175] cpuidle: using governor ladder
[    1.183688] cpuidle: using governor menu
[    1.191747] PCCT header not found.
[    1.199740] ACPI: bus type PCI registered
[    1.203454] acpiphp: ACPI Hot Plug PCI Controller Driver version: 0.5
[    1.206136] PCI: Using configuration type 1 for base access
[    1.236796] ACPI: Added _OSI(Module Device)
[    1.239761] ACPI: Added _OSI(Processor Device)
[    1.262309] ACPI: Added _OSI(3.0 _SCP Extensions)
[    1.268037] ACPI: Added _OSI(Processor Aggregator Device)
[    1.271694] ACPI: Executed 1 blocks of module-level executable AML code
[    1.283899] ACPI: Interpreter enabled
[    1.291722] ACPI: (supports S0 S5)
[    1.293187] ACPI: Using IOAPIC for interrupt routing
[    1.295556] PCI: Using host bridge windows from ACPI; if necessary, use "pci=nocrs" and report a bug
[    1.313265] ACPI: PCI Root Bridge [PCI0] (domain 0000 [bus 00-ff])
[    1.325009] acpi PNP0A03:00: _OSC: OS supports [ASPM ClockPM Segments MSI]
[    1.328708] acpi PNP0A03:00: _OSC failed (AE_NOT_FOUND); disabling ASPM
[    1.331887] acpi PNP0A03:00: fail to add MMCONFIG information, can't access extended PCI configuration space under this bridge.
[    1.343113] PCI host bridge to bus 0000:00
[    1.347736] pci_bus 0000:00: root bus resource [io  0x0000-0x0cf7 window]
[    1.361572] pci_bus 0000:00: root bus resource [io  0x0d00-0xffff window]
[    1.370333] pci_bus 0000:00: root bus resource [mem 0x000a0000-0x000bffff window]
[    1.373066] pci_bus 0000:00: root bus resource [mem 0x40000000-0xffdfffff window]
[    1.382913] pci_bus 0000:00: root bus resource [bus 00-ff]
[    1.396736] pci 0000:00:01.1: legacy IDE quirk: reg 0x10: [io  0x01f0-0x01f7]
[    1.400252] pci 0000:00:01.1: legacy IDE quirk: reg 0x14: [io  0x03f6]
[    1.402299] pci 0000:00:01.1: legacy IDE quirk: reg 0x18: [io  0x0170-0x0177]
[    1.406428] pci 0000:00:01.1: legacy IDE quirk: reg 0x1c: [io  0x0376]
[    1.448663] pci 0000:00:07.0: quirk: [io  0x4000-0x403f] claimed by PIIX4 ACPI
[    1.460630] pci 0000:00:07.0: quirk: [io  0x4100-0x410f] claimed by PIIX4 SMB
[    1.491788] ACPI: PCI Interrupt Link [LNKA] (IRQs 5 9 10 *11)
[    1.521209] ACPI: PCI Interrupt Link [LNKB] (IRQs 5 9 10 *11)
[    1.526014] ACPI: PCI Interrupt Link [LNKC] (IRQs 5 9 *10 11)
[    1.528764] ACPI: PCI Interrupt Link [LNKD] (IRQs 5 *9 10 11)
[    1.531682] ACPI: Enabled 2 GPEs in block 00 to 07
[    1.533891] vgaarb: setting as boot device: PCI:0000:00:02.0
[    1.538782] vgaarb: device added: PCI:0000:00:02.0,decodes=io+mem,owns=io+mem,locks=none
[    1.549936] vgaarb: loaded
[    1.552867] vgaarb: bridge control possible 0000:00:02.0
[    1.563493] SCSI subsystem initialized
[    1.571705] ACPI: bus type USB registered
[    1.572930] usbcore: registered new interface driver usbfs
[    1.574861] usbcore: registered new interface driver hub
[    1.576889] usbcore: registered new device driver usb
[    1.586207] PCI: Using ACPI for IRQ routing
[    1.589769] NetLabel: Initializing
[    1.591266] NetLabel:  domain hash size = 128
[    1.592799] NetLabel:  protocols = UNLABELED CIPSOv4
[    1.594395] NetLabel:  unlabeled traffic allowed by default
[    1.604920] amd_nb: Cannot enumerate AMD northbridges
[    1.606800] clocksource: Switched to clocksource kvm-clock
[    1.621911] AppArmor: AppArmor Filesystem Enabled
[    1.625216] pnp: PnP ACPI init
[    1.628340] pnp: PnP ACPI: found 3 devices
[    1.655181] clocksource: acpi_pm: mask: 0xffffff max_cycles: 0xffffff, max_idle_ns: 2085701024 ns
[    1.659726] NET: Registered protocol family 2
[    1.661809] TCP established hash table entries: 8192 (order: 4, 65536 bytes)
[    1.664029] TCP bind hash table entries: 8192 (order: 5, 131072 bytes)
[    1.672826] TCP: Hash tables configured (established 8192 bind 8192)
[    1.674848] UDP hash table entries: 512 (order: 2, 16384 bytes)
[    1.677423] UDP-Lite hash table entries: 512 (order: 2, 16384 bytes)
[    1.679524] NET: Registered protocol family 1
[    1.683328] pci 0000:00:00.0: Limiting direct PCI/PCI transfers
[    1.685798] pci 0000:00:01.0: Activating ISA DMA hang workarounds
[    1.695757] Unpacking initramfs...
[    5.098526] Freeing initrd memory: 10788K (ffff880036ade000 - ffff880037567000)
[    5.108772] RAPL PMU detected, API unit is 2^-32 Joules, 3 fixed counters 10737418240 ms ovfl timer
[    5.112230] hw unit of domain pp0-core 2^-0 Joules
[    5.114745] hw unit of domain package 2^-0 Joules
[    5.116096] hw unit of domain pp1-gpu 2^-0 Joules
[    5.125981] platform rtc_cmos: registered platform RTC device (no PNP device found)
[    5.137198] Scanning for low memory corruption every 60 seconds
[    5.142396] audit: initializing netlink subsys (disabled)
[    5.145597] audit: type=2000 audit(1500002743.109:1): initialized
[    5.155655] Initialise system trusted keyring
[    5.168731] HugeTLB registered 2 MB page size, pre-allocated 0 pages
[    5.173302] zbud: loaded
[    5.177050] VFS: Disk quotas dquot_6.6.0
[    5.185618] VFS: Dquot-cache hash table entries: 512 (order 0, 4096 bytes)
[    5.193702] squashfs: version 4.0 (2009/01/31) Phillip Lougher
[    5.201472] fuse init (API version 7.23)
[    5.211909] Key type big_key registered
[    5.213259] Allocating IMA MOK and blacklist keyrings.
[    5.217939] Key type asymmetric registered
[    5.228074] Asymmetric key parser 'x509' registered
[    5.235756] Block layer SCSI generic (bsg) driver version 0.4 loaded (major 249)
[    5.239764] io scheduler noop registered
[    5.243204] io scheduler deadline registered (default)
[    5.244694] io scheduler cfq registered
[    5.248346] pci_hotplug: PCI Hot Plug PCI Core version: 0.5
[    5.268837] pciehp: PCI Express Hot Plug Controller Driver version: 0.4
[    5.272612] ACPI: AC Adapter [AC] (on-line)
[    5.275844] input: Power Button as /devices/LNXSYSTM:00/LNXPWRBN:00/input/input0
[    5.279600] ACPI: Power Button [PWRF]
[    5.290270] input: Sleep Button as /devices/LNXSYSTM:00/LNXSLPBN:00/input/input1
[    5.296255] ACPI: Sleep Button [SLPF]
[    5.300727] ACPI: Battery Slot [BAT0] (battery present)
[    5.303532] GHES: HEST is not enabled!
[    5.309324] Serial: 8250/16550 driver, 32 ports, IRQ sharing enabled
[    5.336043] 00:02: ttyS0 at I/O 0x3f8 (irq = 4, base_baud = 115200) is a 16550A
[    5.341428] Linux agpgart interface v0.103
[    5.351873] loop: module loaded
[    5.361698] scsi host0: ata_piix
[    5.364604] scsi host1: ata_piix
[    5.365817] ata1: PATA max UDMA/33 cmd 0x1f0 ctl 0x3f6 bmdma 0xd000 irq 14
[    5.373736] ata2: PATA max UDMA/33 cmd 0x170 ctl 0x376 bmdma 0xd008 irq 15
[    5.382758] libphy: Fixed MDIO Bus: probed
[    5.383954] tun: Universal TUN/TAP device driver, 1.6
[    5.391272] tun: (C) 1999-2004 Max Krasnyansky <maxk@qualcomm.com>
[    5.394638] PPP generic driver version 2.4.2
[    5.404120] ehci_hcd: USB 2.0 'Enhanced' Host Controller (EHCI) Driver
[    5.406004] ehci-pci: EHCI PCI platform driver
[    5.407564] ehci-platform: EHCI generic platform driver
[    5.409353] ohci_hcd: USB 1.1 'Open' Host Controller (OHCI) Driver
[    5.412649] ohci-pci: OHCI PCI platform driver
[    5.415557] ohci-platform: OHCI generic platform driver
[    5.422437] uhci_hcd: USB Universal Host Controller Interface driver
[    5.424049] i8042: PNP: PS/2 Controller [PNP0303:PS2K,PNP0f03:PS2M] at 0x60,0x64 irq 1,12
[    5.427370] serio: i8042 KBD port at 0x60,0x64 irq 1
[    5.435801] serio: i8042 AUX port at 0x60,0x64 irq 12
[    5.438596] mousedev: PS/2 mouse device common for all mice
[    5.447519] input: AT Translated Set 2 keyboard as /devices/platform/i8042/serio0/input/input2
[    5.452403] rtc_cmos rtc_cmos: rtc core: registered rtc_cmos as rtc0
[    5.489210] rtc_cmos rtc_cmos: alarms up to one day, 114 bytes nvram
[    5.525480] i2c /dev entries driver
[    5.528897] device-mapper: uevent: version 1.0.3
[    5.573051] device-mapper: ioctl: 4.34.0-ioctl (2015-10-28) initialised: dm-devel@redhat.com
[    5.586870] ledtrig-cpu: registered to indicate activity on CPUs
[    5.592091] NET: Registered protocol family 10
[    5.621545] NET: Registered protocol family 17
[    5.626268] Key type dns_resolver registered
[    5.628202] microcode: CPU0 sig=0x306a9, pf=0x2, revision=0x19
[    5.637146] microcode: CPU1 sig=0x306a9, pf=0x2, revision=0x19
[    5.661940] microcode: Microcode Update Driver: v2.01 <tigran@aivazian.fsnet.co.uk>, Peter Oruba
[    5.688967] registered taskstats version 1
[    5.697037] Loading compiled-in X.509 certificates
[    5.701496] Loaded X.509 cert 'Build time autogenerated kernel key: 35105354eb779045e4d9ad793dead39d5ee93f76'
[    5.713177] zswap: loaded using pool lzo/zbud
[    5.742530] Key type trusted registered
[    5.751274] Key type encrypted registered
[    5.759185] AppArmor: AppArmor sha1 policy hashing enabled
[    5.782990] ima: No TPM chip found, activating TPM-bypass!
[    5.784550] evm: HMAC attrs: 0x1
[    5.786545]   Magic number: 9:746:411
[    5.791233] rtc_cmos rtc_cmos: setting system clock to 2017-07-14 03:25:38 UTC (1500002738)
[    5.799354] BIOS EDD facility v0.16 2004-Jun-25, 0 devices found
[    5.801379] EDD information not available.
[    5.821202] Freeing unused kernel memory: 1488K (ffffffff81f45000 - ffffffff820b9000)
[    5.831524] Write protecting the kernel read-only data: 14336k
[    5.834046] Freeing unused kernel memory: 1760K (ffff880001848000 - ffff880001a00000)
[    5.853522] Freeing unused kernel memory: 112K (ffff880001de4000 - ffff880001e00000)
Loading, please wait...
starting version 229
[    5.931401] random: systemd-udevd: uninitialized urandom read (16 bytes read, 2 bits of entropy available)
[    5.932302] random: udevadm: uninitialized urandom read (16 bytes read, 2 bits of entropy available)
[    5.932385] random: udevadm: uninitialized urandom read (16 bytes read, 2 bits of entropy available)
[    5.932648] random: udevadm: uninitialized urandom read (16 bytes read, 2 bits of entropy available)
[    5.932812] random: udevadm: uninitialized urandom read (16 bytes read, 2 bits of entropy available)
[    5.932916] random: udevadm: uninitialized urandom read (16 bytes read, 2 bits of entropy available)
[    5.933016] random: udevadm: uninitialized urandom read (16 bytes read, 2 bits of entropy available)
[    5.933120] random: udevadm: uninitialized urandom read (16 bytes read, 2 bits of entropy available)
[    5.933241] random: udevadm: uninitialized urandom read (16 bytes read, 2 bits of entropy available)
[    5.933337] random: udevadm: uninitialized urandom read (16 bytes read, 2 bits of entropy available)
[    6.012344] e1000: Intel(R) PRO/1000 Network Driver - version 7.3.21-k8-NAPI
[    6.026352] e1000: Copyright (c) 1999-2006 Intel Corporation.
[    6.041811] Fusion MPT base driver 3.04.20
[    6.045279] Copyright (c) 1999-2008 LSI Corporation
[    6.060528] Fusion MPT SPI Host driver 3.04.20
[    6.098389] AVX version of gcm_enc/dec engaged.
[    6.101074] AES CTR mode by8 optimization enabled
[    6.122913] tsc: Refined TSC clocksource calibration: 2492.865 MHz
[    6.148884] clocksource: tsc: mask: 0xffffffffffffffff max_cycles: 0x23eee59ff6b, max_idle_ns: 440795247209 ns
[    6.260677] input: ImExPS/2 Generic Explorer Mouse as /devices/platform/i8042/serio1/input/input4
[    6.473966] e1000 0000:00:03.0 eth0: (PCI:33MHz:32-bit) 02:6e:aa:4e:78:a9
[    6.476575] e1000 0000:00:03.0 eth0: Intel(R) PRO/1000 Network Connection
[    6.915105] e1000 0000:00:08.0 eth1: (PCI:33MHz:32-bit) 08:00:27:df:35:14
[    6.933369] e1000 0000:00:08.0 eth1: Intel(R) PRO/1000 Network Connection
[    6.938173] e1000 0000:00:03.0 enp0s3: renamed from eth0
[    6.946867] mptbase: ioc0: Initiating bringup
[    6.963739] e1000 0000:00:08.0 enp0s8: renamed from eth1
[    7.035486] ioc0: LSI53C1030 A0: Capabilities={Initiator}
[    7.216930] scsi host2: ioc0: LSI53C1030 A0, FwRev=00000000h, Ports=1, MaxQ=256, IRQ=20
[    7.363437] scsi 2:0:0:0: Direct-Access     VBOX     HARDDISK         1.0  PQ: 0 ANSI: 5
[    7.369243] scsi target2:0:0: Beginning Domain Validation
[    7.388750] scsi target2:0:0: Domain Validation skipping write tests
[    7.395728] scsi target2:0:0: Ending Domain Validation
[    7.409939] scsi target2:0:0: asynchronous
[    7.421614] scsi 2:0:1:0: Direct-Access     VBOX     HARDDISK         1.0  PQ: 0 ANSI: 5
[    7.432486] scsi target2:0:1: Beginning Domain Validation
[    7.438228] scsi target2:0:1: Domain Validation skipping write tests
[    7.445998] scsi target2:0:1: Ending Domain Validation
[    7.455400] scsi target2:0:1: asynchronous
[    7.468084] sd 2:0:0:0: Attached scsi generic sg0 type 0
[    7.472146] sd 2:0:0:0: [sda] 20971520 512-byte logical blocks: (10.7 GB/10.0 GiB)
[    7.488914] sd 2:0:1:0: Attached scsi generic sg1 type 0
[    7.489530] sd 2:0:1:0: [sdb] 20480 512-byte logical blocks: (10.5 MB/10.0 MiB)
[    7.489785] sd 2:0:1:0: [sdb] Write Protect is off
[    7.489990] sd 2:0:1:0: [sdb] Incomplete mode parameter data
[    7.489992] sd 2:0:1:0: [sdb] Assuming drive cache: write through
[    7.500347] sd 2:0:0:0: [sda] Write Protect is off
[    7.500471] sd 2:0:0:0: [sda] Incomplete mode parameter data
[    7.500473] sd 2:0:0:0: [sda] Assuming drive cache: write through
[    7.527840]  sda: sda1
[    7.540818] sd 2:0:1:0: [sdb] Attached SCSI disk
[    7.545732] sd 2:0:0:0: [sda] Attached SCSI disk
[    9.058884] floppy0: no floppy controllers found
Begin: Loading essential drivers ... [   10.587644] md: linear personality registered for level -1
[   10.593609] md: multipath personality registered for level -4
[   10.606687] md: raid0 personality registered for level 0
[   10.624485] md: raid1 personality registered for level 1
[   10.710995] raid6: sse2x1   gen()  3139 MB/s
[   10.782853] raid6: sse2x1   xor()  2431 MB/s
[   10.858852] raid6: sse2x2   gen()  5079 MB/s
[   10.939407] raid6: sse2x2   xor()  3618 MB/s
[   11.007363] raid6: sse2x4   gen()  6295 MB/s
[   11.082883] raid6: sse2x4   xor()  4163 MB/s
[   11.086440] raid6: using algorithm sse2x4 gen() 6295 MB/s
[   11.091034] raid6: .... xor() 4163 MB/s, rmw enabled
[   11.092560] raid6: using ssse3x2 recovery algorithm
[   11.103481] xor: automatically using best checksumming function:
[   11.158878]    avx       : 10223.000 MB/sec
[   11.168912] async_tx: api initialized (async)
[   11.218099] md: raid6 personality registered for level 6
[   11.233664] md: raid5 personality registered for level 5
[   11.239015] md: raid4 personality registered for level 4
[   11.270295] md: raid10 personality registered for level 10
done.
Begin: Running /scripts/init-premount ... done.
Begin: Mounting root file system ... Begin: Running /scripts/local-top ... done.
Begin: Running /scripts/local-premount ... [   11.347527] Btrfs loaded
Scanning for Btrfs filesystems
done.
Warning: fsck not present, so skipping root file system
[   11.490552] EXT4-fs (sda1): mounted filesystem with ordered data mode. Opts: (null)
done.
Begin: Running /scripts/local-bottom ... done.
Begin: Running /scripts/init-bottom ... done.
[   12.449144] random: nonblocking pool is initialized
[   12.458910] systemd[1]: systemd 229 running in system mode. (+PAM +AUDIT +SELINUX +IMA +APPARMOR +SMACK +SYSVINIT +UTMP +LIBCRYPTSETUP +GCRYPT +GNUTLS +ACL +XZ -LZ4 +SECCOMP +BLKID +ELFUTILS +KMOD -IDN)
[   12.470443] systemd[1]: Detected virtualization oracle.
[   12.491245] systemd[1]: Detected architecture x86-64.

Welcome to [1mUbuntu 16.04.2 LTS[0m!

[   12.571659] systemd[1]: Set hostname to <ubuntu>.
[   12.600682] systemd[1]: Initializing machine ID from random generator.
[   12.603452] systemd[1]: Installed transient /etc/machine-id file.
[   14.248042] systemd[1]: Listening on /dev/initctl Compatibility Named Pipe.
[[0;32m  OK  [0m] Listening on /dev/initctl Compatibility Named Pipe.
[   14.283776] systemd[1]: Listening on udev Control Socket.
[[0;32m  OK  [0m] Listening on udev Control Socket.
[   14.308550] systemd[1]: Reached target User and Group Name Lookups.
[[0;32m  OK  [0m] Reached target User and Group Name Lookups.
[   14.320732] systemd[1]: Listening on Journal Audit Socket.
[[0;32m  OK  [0m] Listening on Journal Audit Socket.
[   14.344559] systemd[1]: Listening on udev Kernel Socket.
[[0;32m  OK  [0m] Listening on udev Kernel Socket.
[   14.350176] systemd[1]: Listening on LVM2 poll daemon socket.
[[0;32m  OK  [0m] Listening on LVM2 poll daemon socket.
[   14.362175] systemd[1]: Set up automount Arbitrary Executable File Formats File System Automount Point.
[[0;32m  OK  [0m] Set up automount Arbitrary Executab...ats File System Automount Point.
[   14.378023] systemd[1]: Reached target Encrypted Volumes.
[[0;32m  OK  [0m] Reached target Encrypted Volumes.
[   14.418105] systemd[1]: Created slice System Slice.
[[0;32m  OK  [0m] Created slice System Slice.
[   14.443603] systemd[1]: Created slice system-serial\x2dgetty.slice.
[[0;32m  OK  [0m] Created slice system-serial\x2dgetty.slice.
[   14.464361] systemd[1]: Reached target Swap.
[[0;32m  OK  [0m] Reached target Swap.
[   14.470311] systemd[1]: Listening on LVM2 metadata daemon socket.
[[0;32m  OK  [0m] Listening on LVM2 metadata daemon socket.
[   14.477452] systemd[1]: Listening on Device-mapper event daemon FIFOs.
[[0;32m  OK  [0m] Listening on Device-mapper event daemon FIFOs.
[   14.503094] systemd[1]: Created slice User and Session Slice.
[[0;32m  OK  [0m] Created slice User and Session Slice.
[   14.507580] systemd[1]: Listening on Journal Socket (/dev/log).
[[0;32m  OK  [0m] Listening on Journal Socket (/dev/log).
[   14.521601] systemd[1]: Started Forward Password Requests to Wall Directory Watch.
[[0;32m  OK  [0m] Started Forward Password Requests to Wall Directory Watch.
[   14.543648] systemd[1]: Started Trigger resolvconf update for networkd DNS.
[[0;32m  OK  [0m] Started Trigger resolvconf update for networkd DNS.
[   14.564323] systemd[1]: Listening on Journal Socket.
[[0;32m  OK  [0m] Listening on Journal Socket.
[   14.655510] systemd[1]: Mounting Debug File System...
         Mounting Debug File System...
[   14.662365] systemd[1]: Starting Create list of required static device nodes for the current kernel...
         Starting Create list of required st... nodes for the current kernel...
[   14.678673] systemd[1]: Starting Nameserver information manager...
         Starting Nameserver information manager...
[   14.686384] systemd[1]: Starting Uncomplicated firewall...
         Starting Uncomplicated firewall...
[   14.695146] systemd[1]: Starting Monitoring of LVM2 mirrors, snapshots etc. using dmeventd or progress polling...
         Starting Monitoring of LVM2 mirrors... dmeventd or progress polling...
[   14.705098] systemd[1]: Starting Set console keymap...
         Starting Set console keymap...
[   14.711273] systemd[1]: Mounting POSIX Message Queue File System...
         Mounting POSIX Message Queue File System...
[   14.722964] systemd[1]: Starting Remount Root and Kernel File Systems...
         Starting Remount Root and Kernel File Systems...
[   14.784772] systemd[1]: Listening on Syslog Socket.
[[0;32m  OK  [0m] Listening on Syslog Socket.
[   14.819061] systemd[1]: Mounting Huge Pages File System...
         Mounting Huge Pages File System...
[   14.832644] systemd[1]: Starting Journal Service...
         Starting Journal Service...
[   14.855324] systemd[1]: Reached target Slices.
[[0;32m  OK  [0m] Reached target Slices.
[   14.867560] EXT4-fs (sda1): re-mounted. Opts: (null)
[   14.911137] systemd[1]: Starting Load Kernel Modules...
         Starting Load Kernel Modules...
[   14.920632] systemd[1]: Mounted Huge Pages File System.
[[0;32m  OK  [0m] Mounted Huge Pages File System.
[   14.933189] systemd[1]: Mounted POSIX Message Queue File System.
[[0;32m  OK  [0m] Mounted POSIX Message Queue File System.
[   14.978039] systemd[1]: Mounted Debug File System.
[[0;32m  OK  [0m] Mounted Debug File System.
[   14.988131] systemd[1]: Started Create list of required static device nodes for the current kernel.
[[0;32m  OK  [0m] Started Create list of required sta...ce nodes for the current kernel.
[   15.045521] systemd[1]: Started Uncomplicated firewall.
[[0;32m  OK  [0m] Started Uncomplicated firewall.
[   15.088640] systemd[1]: Started Remount Root and Kernel File Systems.
[[0;32m  OK  [0m] Started Remount Root and Kernel File Systems.
[   15.147276] systemd[1]: Started Nameserver information manager.
[[0;32m  OK  [0m] Started Nameserver information manager.
[   15.243888] systemd[1]: Starting Initial cloud-init job (pre-networking)...
         Starting Initial cloud-init job (pre-networking)...
[   15.295699] systemd[1]: Starting udev Coldplug all Devices...
         Starting udev Coldplug all Devices...
[   15.351133] systemd[1]: Starting Load/Save Random Seed...
         Starting Load/Save Random Seed...
[   15.399172] systemd[1]: Starting Create Static Device Nodes in /dev...
[   15.403272] Loading iSCSI transport class v2.0-870.
         Starting Create Static Device Nodes in /dev...
[   15.428238] systemd[1]: Started Set console keymap.
[[0;32m  OK  [0m] Started Set console keymap.
[   15.679252] systemd[1]: Started LVM2 metadata daemon.
[[0;32m  OK  [0m] Started LVM2 metadata daemon.
[   15.740827] systemd[1]: Started Load/Save Random Seed.
[[0;32m  OK  [0m] Started Load/Save Random Seed.
[   15.821478] systemd[1]: Started Journal Service.
[   15.954781] iscsi: registered transport (tcp)
[[0;32m  OK  [0m] Started Journal Service.
         Starting Flush Journal to Persistent Storage...
[[0;32m  OK  [0m] Started udev Coldplug all Devices.
[   16.288633] systemd-journald[399]: Received request to flush runtime journal from PID 1
[[0;32m  OK  [0m] Started Flush Journal to Persistent Storage.
[[0;32m  OK  [0m] Started Monitoring of LVM2 mirrors,...ng dmeventd or progress polling.
[   16.632947] iscsi: registered transport (iser)
[[0;32m  OK  [0m] Started Load Kernel Modules.
         Starting Apply Kernel Variables...
         Mounting FUSE Control File System...
[[0;32m  OK  [0m] Mounted FUSE Control File System.
[[0;32m  OK  [0m] Started Apply Kernel Variables.
[[0;32m  OK  [0m] Started Create Static Device Nodes in /dev.
         Starting udev Kernel Device Manager...
[[0;32m  OK  [0m] Started udev Kernel Device Manager.
[[0;32m  OK  [0m] Started Dispatch Password Requests to Console Directory Watch.
[[0;32m  OK  [0m] Reached target Local File Systems (Pre).
[[0;32m  OK  [0m] Reached target Local File Systems.
         Starting Commit a transient machine-id on disk...
         Starting Tell Plymouth To Write Out Runtime Data...
         Starting Create Volatile Files and Directories...
         Starting Set console font and keymap...
         Starting LSB: AppArmor initialization...
[[0;32m  OK  [0m] Started Commit a transient machine-id on disk.
[[0;32m  OK  [0m] Started Tell Plymouth To Write Out Runtime Data.
[[0;32m  OK  [0m] Found device /dev/ttyS0.
[[0;32m  OK  [0m] Started Create Volatile Files and Directories.
         Starting Update UTMP about System Boot/Shutdown...
[[0;32m  OK  [0m] Reached target System Time Synchronized.
[[0;32m  OK  [0m] Started Update UTMP about System Boot/Shutdown.
[[0;32m  OK  [0m] Started Set console font and keymap.
[[0;32m  OK  [0m] Listening on Load/Save RF Kill Switch Status /dev/rfkill Watch.
[[0;32m  OK  [0m] Created slice system-getty.slice.
[[0;32m  OK  [0m] Started LSB: AppArmor initialization.
[   26.393769] cloud-init[424]: Cloud-init v. 0.7.9 running 'init-local' at Fri, 14 Jul 2017 03:25:57 +0000. Up 24.16 seconds.
[[0;32m  OK  [0m] Started Initial cloud-init job (pre-networking).
[[0;32m  OK  [0m] Reached target Network (Pre).
         Starting Raise network interfaces...
[[0;32m  OK  [0m] Started Raise network interfaces.
         Starting Initial cloud-init job (metadata service crawler)...
[[0;32m  OK  [0m] Reached target Network.
[   32.646034] cloud-init[950]: Cloud-init v. 0.7.9 running 'init' at Fri, 14 Jul 2017 03:26:01 +0000. Up 27.98 seconds.
[   32.651121] cloud-init[950]: ci-info: ++++++++++++++++++++++++++++++++++++++Net device info++++++++++++++++++++++++++++++++++++++
[   32.656482] cloud-init[950]: ci-info: +--------+-------+----------------------------+---------------+-------+-------------------+
[   32.662504] cloud-init[950]: ci-info: | Device |   Up  |          Address           |      Mask     | Scope |     Hw-Address    |
[   32.668279] cloud-init[950]: ci-info: +--------+-------+----------------------------+---------------+-------+-------------------+
[   32.673500] cloud-init[950]: ci-info: |   lo   |  True |         127.0.0.1          |   255.0.0.0   |   .   |         .         |
[   32.678679] cloud-init[950]: ci-info: |   lo   |  True |          ::1/128           |       .       |  host |         .         |
[   32.683943] cloud-init[950]: ci-info: | enp0s3 |  True |         10.0.2.15          | 255.255.255.0 |   .   | 02:6e:aa:4e:78:a9 |
[   32.689348] cloud-init[950]: ci-info: | enp0s3 |  True | fe80::6e:aaff:fe4e:78a9/64 |       .       |  link | 02:6e:aa:4e:78:a9 |
[   32.694494] cloud-init[950]: ci-info: | enp0s8 | False |             .              |       .       |   .   | 08:00:27:df:35:14 |
[   32.699648] cloud-init[950]: ci-info: +--------+-------+----------------------------+---------------+-------+-------------------+
[   32.704935] cloud-init[950]: ci-info: +++++++++++++++++++++++++++Route IPv4 info++++++++++++++++++++++++++++
[   32.709597] cloud-init[950]: ci-info: +-------+-------------+----------+---------------+-----------+-------+
[   32.714589] cloud-init[950]: ci-info: | Route | Destination | Gateway  |    Genmask    | Interface | Flags |
[   32.719475] cloud-init[950]: ci-info: +-------+-------------+----------+---------------+-----------+-------+
[   32.724151] cloud-init[950]: ci-info: |   0   |   0.0.0.0   | 10.0.2.2 |    0.0.0.0    |   enp0s3  |   UG  |
[   32.729001] cloud-init[950]: ci-info: |   1   |   10.0.2.0  | 0.0.0.0  | 255.255.255.0 |   enp0s3  |   U   |
[   32.733767] cloud-init[950]: ci-info: +-------+-------------+----------+---------------+-----------+-------+[[0;32m  OK  [0m] Started Initial cloud-init job (metadata service crawler).
[[0;32m  OK  [0m] Reached target Cloud-config availability.
[[0;32m  OK  [0m] Reached target System Initialization.

[   32.748541] cloud-init[950]: Generating public/private rsa key pair.
[   32.749269] cloud-init[950]: Your identification has been saved in /etc/ssh/ssh_host_rsa_key.
[   32.749499] cloud-init[950]: Your public key has been saved in /etc/ssh/ssh_host_rsa_key.pub.
[[0;32m  OK  [0m] Started Timer to automatically refresh installed snaps.
[   32.749731] cloud-init[950]: The key fingerprint is:
[   32.787242] cloud-init[950]: SHA256:czxUHiPWclZDShUp4u60LBDgFrf3/Wtx+hmEv2NYHKY root@ubuntu-xenial
[   32.787465] cloud-init[950]: The key's randomart image is:
[   32.787691] cloud-init[950]: +---[RSA 2048]----+
[   32.788468] cloud-init[950]: |          o.=+*o |
[   32.788693] cloud-init[950]: |    o .  .o==+.. |
[   32.788947] cloud-init[950]: |   . + . ..=o.   |
[   32.789209] cloud-init[950]: |    o o .o.   .o |
[   32.789447] cloud-init[950]: |   .   oSo+. .+..|
[   32.789666] cloud-init[950]: |      .  o+..E+o.|
[   32.789914] cloud-init[950]: |       . + . .o* |
[   32.790145] cloud-init[950]: |        . +  .+o+|
         Starting Socket activation for snappy daemon.
[   32.790435] cloud-init[950]: |         .   .o=o|
[[0;32m  OK  [0m] Started Daily apt activities.
[   32.814781] cloud-init[950]: +----[SHA256]-----+
[   32.850502] cloud-init[950]: Generating public/private dsa key pair.
[   32.855010] cloud-init[950]: Your identification has been saved in /etc/ssh/ssh_host_dsa_key.
[   32.855525] cloud-init[950]: Your public key has been saved in /etc/ssh/ssh_host_dsa_key.pub.
[   32.859124] cloud-init[950]: The key fingerprint is:
[   32.860700] cloud-init[950]: SHA256:7qVeuTmbFZcRWTspf1mlDpywTc20p6jmJ5u7fa8234c root@ubuntu-xenial
[   32.874029] cloud-init[950]: The key's randomart image is:
[   32.874174] cloud-init[950]: +---[DSA 1024]----+
[[   32.878476] cloud-init[950]: |          . .+ooo|
[   32.878808] cloud-init[950]: |           * .+++|
[   32.879166] cloud-init[950]: |          . =.++o|
[   32.879525] cloud-init[950]: |             +o=+|
[   32.885140] cloud-init[950]: |        S   o =o.|
[   32.885705] cloud-init[950]: |       .   o o  .|
[   32.887574] cloud-init[950]: |        . * .  . |
[   32.888490] cloud-init[950]: |       . *oB. E o|
[   32.889700] cloud-init[950]: |       .+ @O.o.==|
[   32.891464] cloud-init[950]: +----[SHA256]-----+
[   32.892115] cloud-init[950]: Generating public/private ecdsa key pair.
[   32.892472] cloud-init[950]: Your identification has been saved in /etc/ssh/ssh_host_ecdsa_key.
[   32.893189] cloud-init[950]: Your public key has been saved in /etc/ssh/ssh_host_ecdsa_key.pub.
[   32.893516] cloud-init[950]: The key fingerprint is:
[   32.893875] cloud-init[950]: SHA256:V2WWzfhAsIZE04hjD0WfGNr/SCwp1pcPe5j/T6fEKlM root@ubuntu-xenial
[   32.894213] cloud-init[950]: The key's randomart image is:
[   32.897798] cloud-init[950]: +---[ECDSA 256]---+
[   32.899287] cloud-init[950]: |         =Bo.o== |
[   32.902272] cloud-init[950]: |        =+.*.*+ o|
[0;32m  OK  [0m] Listening on ACPID Listen Socket.
[   32.910941] cloud-init[950]: |       ..++ *  o |
[   32.945985] cloud-init[950]: |         ..* .  .|
[   32.947961] cloud-init[950]: |        S = B    |
[   32.949975] cloud-init[950]: |       . o +EX   |
[   32.952040] cloud-init[950]: |           .= * o|
[   32.954063] cloud-init[950]: |          o  = o.|
[   32.955968] cloud-init[950]: |           o. o.+|
[   32.958048] cloud-init[950]: +----[SHA256]-----+
[   32.960243] cloud-init[950]: Generating public/private ed25519 key pair.
[   32.963493] cloud-init[950]: Your identification has been saved in /etc/ssh/ssh_host_ed25519_key.
[   32.966202] cloud-init[950]: Your public key has been saved in /etc/ssh/ssh_host_ed25519_key.pub.
[   32.969649] cloud-init[950]: The key fingerprint is:
[   32.977509] cloud-init[950]: SHA256:4DJ1qxdcKl0KgWgDw/NPIVwxFauxKvrJYOoJoHi6CAY root@ubuntu-xenial
[   32.981089] cloud-init[950]: The key's randomart image is:
[   32.983612] cloud-init[950]: +--[ED25519 256]--+
[   32.984054] cloud-init[950]: |+....=+o.        |
[   32.987299] cloud-init[950]: | ++o.....        |
[   32.988904] cloud-init[950]: | .o...=.. o      |
[   32.989200] cloud-init[950]: |   . ++* *       |
[   32.989552] cloud-init[950]: |E   =oo S        |
[[0;32m  OK  [0m] Started ACPI Events Check.
[   32.989916] cloud-init[950]: |=   .+ o .       |
[   33.006972] cloud-init[950]: |*+..  . .        |
[   33.009753] cloud-init[950]: |O=o.   .         |
[   33.010492] cloud-init[950]: |B=+              |
[[0;32m  OK  [0m] Reached target Paths.
[   33.010667] [cloud-init[0;32m  OK  [0m[950]: ] +----[SHA256]-----+Started Daily Cleanup of Temporary Directories.

[[0;32m  OK  [0m] Reached target Timers.
         Starting LXD - unix socket.
[[0;32m  OK  [0m] Listening on D-Bus System Message Bus Socket.
[[0;32m  OK  [0m] Listening on UUID daemon activation socket.
[[0;32m  OK  [0m] Reached target Network is Online.
         Starting iSCSI initiator daemon (iscsid)...
[[0;32m  OK  [0m] Listening on Socket activation for snappy daemon.
[[0;32m  OK  [0m] Listening on LXD - unix socket.
[[0;32m  OK  [0m] Reached target Sockets.
[[0;32m  OK  [0m] Reached target Basic System.
         Starting System Logging Service...
         Starting LSB: MD monitoring daemon...
[[0;32m  OK  [0m] Started ACPI event daemon.
[[0;32m  OK  [0m] Started D-Bus System Message Bus.
         Starting /etc/rc.local Compatibility...
         Starting Login Service...
[[0;32m  OK  [0m] Started Unattended Upgrades Shutdown.
         Starting LXD - container startup/shutdown...
[[0;32m  OK  [0m] Started Snappy daemon.
         Starting Auto import assertions from block devices...
         Starting Accounts Service...
[[0;32m  OK  [0m] Started FUSE filesystem for LXC.
         Starting Apply the settings specified in cloud-config...
[[0;32m  OK  [0m] Started Regular background program processing daemon.
[[0;32m  OK  [0m] Started Deferred execution scheduler.
         Starting Pollinate to seed the pseudo random number generator...
         Starting LSB: Record successful boot for GRUB...
[[0;32m  OK  [0m] Started System Logging Service.
[[0;32m  OK  [0m] Started /etc/rc.local Compatibility.
[[0;32m  OK  [0m] Started Auto import assertions from block devices.
[[0;32m  OK  [0m] Started Login Service.
[[0;32m  OK  [0m] Started iSCSI initiator daemon (iscsid).
         Starting Login to default iSCSI targets...
[[0;32m  OK  [0m] Started LSB: MD monitoring daemon.
[[0;32m  OK  [0m] Started LSB: Record successful boot for GRUB.
[[0;32m  OK  [0m] Started Login to default iSCSI targets.
[[0;32m  OK  [0m] Reached target Remote File Systems (Pre).
[[0;32m  OK  [0m] Reached target Remote File Systems.
         Starting LSB: daemon to balance interrupts for SMP systems...
         Starting LSB: VirtualBox Linux Additions...
         Starting Permit User Sessions...
         Starting LSB: Set the CPU Frequency Scaling governor to "ondemand"...
         Starting LSB: automatic crash report generation...
[[0;32m  OK  [0m] Started LSB: Set the CPU Frequency Scaling governor to "ondemand".
[[0;32m  OK  [0m] Started LSB: daemon to balance interrupts for SMP systems.
[[0;32m  OK  [0m] Started LSB: automatic crash report generation.
[   36.484529] cloud-init[1073]: Generating locales (this might take a while)...
[[0;32m  OK  [0m] Started Permit User Sessions.
         Starting Hold until boot process finishes up...
         Starting Terminate Plymouth Boot Screen...
[[0;32m  OK  [0m] Started Hold until boot process finishes up.
[[0;32m  OK  [0m] Started Terminate Plymouth Boot Screen.
         Starting Set console scheme...
[[0;32m  OK  [0m] Started Getty on tty1.
[[0;32m  OK  [0m] Started Serial Getty on ttyS0.
[[0;32m  OK  [0m] Reached target Login Prompts.
[[0;32m  OK  [0m] Started Set console scheme.
         Starting Authenticate and Authorize Users to Run Privileged Tasks...
[[0;32m  OK  [0m] Started LSB: VirtualBox Linux Additions.
[[0;32m  OK  [0m] Started Authenticate and Authorize Users to Run Privileged Tasks.
[[0;32m  OK  [0m] Started Accounts Service.
[   41.234648] cloud-init[1073]:   en_US.UTF-8... done
[   41.239347] cloud-init[1073]: Generation complete.
[[0;32m  OK  [0m] Started LXD - container startup/shutdown.

Ubuntu 16.04.2 LTS ubuntu-xenial ttyS0

ubuntu-xenial login: [   44.661711] cloud-init[1073]: Cloud-init v. 0.7.9 running 'modules:config' at Fri, 14 Jul 2017 03:26:08 +0000. Up 34.79 seconds.
ci-info: no authorized ssh keys fingerprints found for user ubuntu.
<14>Jul 14 03:26:19 ec2: 
<14>Jul 14 03:26:19 ec2: #############################################################
<14>Jul 14 03:26:19 ec2: -----BEGIN SSH HOST KEY FINGERPRINTS-----
<14>Jul 14 03:26:19 ec2: 1024 SHA256:7qVeuTmbFZcRWTspf1mlDpywTc20p6jmJ5u7fa8234c root@ubuntu-xenial (DSA)
<14>Jul 14 03:26:19 ec2: 256 SHA256:V2WWzfhAsIZE04hjD0WfGNr/SCwp1pcPe5j/T6fEKlM root@ubuntu-xenial (ECDSA)
<14>Jul 14 03:26:19 ec2: 256 SHA256:4DJ1qxdcKl0KgWgDw/NPIVwxFauxKvrJYOoJoHi6CAY root@ubuntu-xenial (ED25519)
<14>Jul 14 03:26:19 ec2: 2048 SHA256:czxUHiPWclZDShUp4u60LBDgFrf3/Wtx+hmEv2NYHKY root@ubuntu-xenial (RSA)
<14>Jul 14 03:26:19 ec2: -----END SSH HOST KEY FINGERPRINTS-----
<14>Jul 14 03:26:19 ec2: #############################################################
-----BEGIN SSH HOST KEY KEYS-----
ecdsa-sha2-nistp256 AAAAE2VjZHNhLXNoYTItbmlzdHAyNTYAAAAIbmlzdHAyNTYAAABBBFb9nUQ/Jh0bmfq1wScCWMYRXm2lR7LwQsOwYsqGSmI3/8IFXvh/BzUcYJ0z4Hw2hXr1s59KBbyAlHt55uACe8U= root@ubuntu-xenial
ssh-ed25519 AAAAC3NzaC1lZDI1NTE5AAAAILAsQM1y43yynHswJyXLmxf3SfyBkW9/wIjpzAVyynMn root@ubuntu-xenial
ssh-rsa AAAAB3NzaC1yc2EAAAADAQABAAABAQDZc0kVwS3fiexUPvoCXIQjoj9nX6rvzV+CVWqApbjJ7v0MVz3doNMzlSJh8A26GAFtHn2YT68RjdHosi8Fbvj7D1fR7wisS69aSlXCBLIaMdAjK5yhDdzgPEQMC7Nwx1mJ4gcDl0K84GfHUwDeGI18tSoSh9CyNMJecjR6NiVWN149004WZUgsYZtsyPEMCh35kLiAbhZ+AL7Eb4mWbVDKPMn2T3s6TyGk+aHOtwhMZ/SDFVzdIELNYyy6dl0c6rOyxN1GUl86dxL3+//8n24U+1exMcEV9e5i52JtiQON6xO4rrQrwyGXryVEsrVvkQMizWmx76gzAzjmoT+RhOa3 root@ubuntu-xenial
-----END SSH HOST KEY KEYS-----
[   45.819084] cloud-init[1322]: Cloud-init v. 0.7.9 running 'modules:final' at Fri, 14 Jul 2017 03:26:19 +0000. Up 45.39 seconds.
[   45.819598] cloud-init[1322]: ci-info: no authorized ssh keys fingerprints found for user ubuntu.
[   45.819868] cloud-init[1322]: Cloud-init v. 0.7.9 finished at Fri, 14 Jul 2017 03:26:19 +0000. Datasource DataSourceNoCloud [seed=/dev/sdb][dsmode=net].  Up 45.79 seconds
