[    0.000000] Initializing cgroup subsys cpuset
[    0.000000] Initializing cgroup subsys cpu
[    0.000000] Initializing cgroup subsys cpuacct
[    0.000000] Linux version 4.4.0-83-generic (buildd@lgw01-29) (gcc version 5.4.0 20160609 (Ubuntu 5.4.0-6ubuntu1~16.04.4) ) #106-Ubuntu SMP Mon Jun 26 17:54:43 UTC 2017 (Ubuntu 4.4.0-83.106-generic 4.4.70)
[    0.000000] Command line: BOOT_IMAGE=/boot/vmlinuz-4.4.0-83-generic root=LABEL=cloudimg-rootfs ro console=tty1 console=ttyS0
[    0.000000] KERNEL supported cpus:
[    0.000000]   Intel GenuineIntel
[    0.000000]   AMD AuthenticAMD
[    0.000000]   Centaur CentaurHauls
[    0.000000] x86/fpu: xstate_offset[2]:  576, xstate_sizes[2]:  256
[    0.000000] x86/fpu: Supporting XSAVE feature 0x01: 'x87 floating point registers'
[    0.000000] x86/fpu: Supporting XSAVE feature 0x02: 'SSE registers'
[    0.000000] x86/fpu: Supporting XSAVE feature 0x04: 'AVX registers'
[    0.000000] x86/fpu: Enabled xstate features 0x7, context size is 832 bytes, using 'standard' format.
[    0.000000] x86/fpu: Using 'lazy' FPU context switches.
[    0.000000] e820: BIOS-provided physical RAM map:
[    0.000000] BIOS-e820: [mem 0x0000000000000000-0x000000000009fbff] usable
[    0.000000] BIOS-e820: [mem 0x000000000009fc00-0x000000000009ffff] reserved
[    0.000000] BIOS-e820: [mem 0x00000000000f0000-0x00000000000fffff] reserved
[    0.000000] BIOS-e820: [mem 0x0000000000100000-0x000000003ffeffff] usable
[    0.000000] BIOS-e820: [mem 0x000000003fff0000-0x000000003fffffff] ACPI data
[    0.000000] BIOS-e820: [mem 0x00000000fec00000-0x00000000fec00fff] reserved
[    0.000000] BIOS-e820: [mem 0x00000000fee00000-0x00000000fee00fff] reserved
[    0.000000] BIOS-e820: [mem 0x00000000fffc0000-0x00000000ffffffff] reserved
[    0.000000] NX (Execute Disable) protection: active
[    0.000000] SMBIOS 2.5 present.
[    0.000000] Hypervisor detected: KVM
[    0.000000] e820: last_pfn = 0x3fff0 max_arch_pfn = 0x400000000
[    0.000000] MTRR: Disabled
[    0.000000] x86/PAT: MTRRs disabled, skipping PAT initialization too.
[    0.000000] x86/PAT: Configuration [0-7]: WB  WT  UC- UC  WB  WT  UC- UC  
[    0.000000] CPU MTRRs all blank - virtualized system.
[    0.000000] found SMP MP-table at [mem 0x0009fff0-0x0009ffff] mapped at [ffff88000009fff0]
[    0.000000] Scanning 1 areas for low memory corruption
[    0.000000] RAMDISK: [mem 0x36ade000-0x37566fff]
[    0.000000] ACPI: Early table checksum verification disabled
[    0.000000] ACPI: RSDP 0x00000000000E0000 000024 (v02 VBOX  )
[    0.000000] ACPI: XSDT 0x000000003FFF0030 00003C (v01 VBOX   VBOXXSDT 00000001 ASL  00000061)
[    0.000000] ACPI: FACP 0x000000003FFF00F0 0000F4 (v04 VBOX   VBOXFACP 00000001 ASL  00000061)
[    0.000000] ACPI: DSDT 0x000000003FFF0470 0021C8 (v02 VBOX   VBOXBIOS 00000002 INTL 20100528)
[    0.000000] ACPI: FACS 0x000000003FFF0200 000040
[    0.000000] ACPI: FACS 0x000000003FFF0200 000040
[    0.000000] ACPI: APIC 0x000000003FFF0240 00005C (v02 VBOX   VBOXAPIC 00000001 ASL  00000061)
[    0.000000] ACPI: SSDT 0x000000003FFF02A0 0001CC (v01 VBOX   VBOXCPUT 00000002 INTL 20100528)
[    0.000000] No NUMA configuration found
[    0.000000] Faking a node at [mem 0x0000000000000000-0x000000003ffeffff]
[    0.000000] NODE_DATA(0) allocated [mem 0x3ffeb000-0x3ffeffff]
[    0.000000] kvm-clock: Using msrs 4b564d01 and 4b564d00
[    0.000000] kvm-clock: cpu 0, msr 0:3ffe3001, primary cpu clock
[    0.000000] kvm-clock: using sched offset of 4089545488 cycles
[    0.000000] clocksource: kvm-clock: mask: 0xffffffffffffffff max_cycles: 0x1cd42e4dffb, max_idle_ns: 881590591483 ns
[    0.000000] Zone ranges:
[    0.000000]   DMA      [mem 0x0000000000001000-0x0000000000ffffff]
[    0.000000]   DMA32    [mem 0x0000000001000000-0x000000003ffeffff]
[    0.000000]   Normal   empty
[    0.000000]   Device   empty
[    0.000000] Movable zone start for each node
[    0.000000] Early memory node ranges
[    0.000000]   node   0: [mem 0x0000000000001000-0x000000000009efff]
[    0.000000]   node   0: [mem 0x0000000000100000-0x000000003ffeffff]
[    0.000000] Initmem setup node 0 [mem 0x0000000000001000-0x000000003ffeffff]
[    0.000000] ACPI: PM-Timer IO Port: 0x4008
[    0.000000] IOAPIC[0]: apic_id 2, version 32, address 0xfec00000, GSI 0-23
[    0.000000] ACPI: INT_SRC_OVR (bus 0 bus_irq 0 global_irq 2 dfl dfl)
[    0.000000] ACPI: INT_SRC_OVR (bus 0 bus_irq 9 global_irq 9 high level)
[    0.000000] Using ACPI (MADT) for SMP configuration information
[    0.000000] smpboot: Allowing 2 CPUs, 0 hotplug CPUs
[    0.000000] PM: Registered nosave memory: [mem 0x00000000-0x00000fff]
[    0.000000] PM: Registered nosave memory: [mem 0x0009f000-0x0009ffff]
[    0.000000] PM: Registered nosave memory: [mem 0x000a0000-0x000effff]
[    0.000000] PM: Registered nosave memory: [mem 0x000f0000-0x000fffff]
[    0.000000] e820: [mem 0x40000000-0xfebfffff] available for PCI devices
[    0.000000] Booting paravirtualized kernel on KVM
[    0.000000] clocksource: refined-jiffies: mask: 0xffffffff max_cycles: 0xffffffff, max_idle_ns: 7645519600211568 ns
[    0.000000] setup_percpu: NR_CPUS:512 nr_cpumask_bits:512 nr_cpu_ids:2 nr_node_ids:1
[    0.000000] PERCPU: Embedded 33 pages/cpu @ffff88003fc00000 s98264 r8192 d28712 u1048576
[    0.000000] PV qspinlock hash table entries: 256 (order: 0, 4096 bytes)
[    0.000000] Built 1 zonelists in Node order, mobility grouping on.  Total pages: 257913
[    0.000000] Policy zone: DMA32
[    0.000000] Kernel command line: BOOT_IMAGE=/boot/vmlinuz-4.4.0-83-generic root=LABEL=cloudimg-rootfs ro console=tty1 console=ttyS0
[    0.000000] PID hash table entries: 4096 (order: 3, 32768 bytes)
[    0.000000] Memory: 1001788K/1048120K available (8469K kernel code, 1294K rwdata, 3984K rodata, 1488K init, 1316K bss, 46332K reserved, 0K cma-reserved)
[    0.000000] SLUB: HWalign=64, Order=0-3, MinObjects=0, CPUs=2, Nodes=1
[    0.000000] Hierarchical RCU implementation.
[    0.000000] 	Build-time adjustment of leaf fanout to 64.
[    0.000000] 	RCU restricting CPUs from NR_CPUS=512 to nr_cpu_ids=2.
[    0.000000] RCU: Adjusting geometry for rcu_fanout_leaf=64, nr_cpu_ids=2
[    0.000000] NR_IRQS:33024 nr_irqs:440 16
[    0.000000] Console: colour VGA+ 80x25
[    0.000000] console [tty1] enabled
[    0.000000] console [ttyS0] enabled
[    0.000000] tsc: Detected 2494.350 MHz processor
[    0.617322] Calibrating delay loop (skipped) preset value.. 4988.70 BogoMIPS (lpj=9977400)
[    0.620936] pid_max: default: 32768 minimum: 301
[    0.622873] ACPI: Core revision 20150930
[    0.626489] ACPI: 2 ACPI AML tables successfully acquired and loaded
[    0.629329] Security Framework initialized
[    0.631080] Yama: becoming mindful.
[    0.632736] AppArmor: AppArmor initialized
[    0.634684] Dentry cache hash table entries: 131072 (order: 8, 1048576 bytes)
[    0.637917] Inode-cache hash table entries: 65536 (order: 7, 524288 bytes)
[    0.647736] Mount-cache hash table entries: 2048 (order: 2, 16384 bytes)
[    0.650437] Mountpoint-cache hash table entries: 2048 (order: 2, 16384 bytes)
[    0.653525] Initializing cgroup subsys io
[    0.655303] Initializing cgroup subsys memory
[    0.657311] Initializing cgroup subsys devices
[    0.659215] Initializing cgroup subsys freezer
[    0.661156] Initializing cgroup subsys net_cls
[    0.663058] Initializing cgroup subsys perf_event
[    0.665258] Initializing cgroup subsys net_prio
[    0.667531] Initializing cgroup subsys hugetlb
[    0.669406] Initializing cgroup subsys pids
[    0.671352] CPU: Physical Processor ID: 0
[    0.673165] CPU: Processor Core ID: 0
[    0.675371] mce: CPU supports 0 MCE banks
[    0.677135] Last level iTLB entries: 4KB 512, 2MB 8, 4MB 8
[    0.686468] Last level dTLB entries: 4KB 512, 2MB 32, 4MB 32, 1GB 0
[    0.692561] Freeing SMP alternatives memory: 32K (ffffffff820b9000 - ffffffff820c1000)
[    0.722342] ftrace: allocating 32129 entries in 126 pages
[    0.813942] smpboot: APIC(0) Converting physical 0 to logical package 0
[    0.817759] smpboot: Max logical packages: 1
[    0.828237] x2apic enabled
[    0.830142] Switched APIC routing to physical x2apic.
[    0.834517] ..TIMER: vector=0x30 apic1=0 pin1=2 apic2=-1 pin2=-1
[    0.947979] smpboot: CPU0: Intel(R) Core(TM) i5-3210M CPU @ 2.50GHz (family: 0x6, model: 0x3a, stepping: 0x9)
[    0.954477] Performance Events: unsupported p6 CPU model 58 no PMU driver, software events only.
[    0.958108] KVM setup paravirtual spinlock
[    0.961125] x86: Booting SMP configuration:
[    0.962815] .... node  #0, CPUs:      #1
[    0.964613] kvm-clock: cpu 1, msr 0:3ffe3041, secondary cpu clock
[    0.966896] mce: CPU supports 0 MCE banks
[    0.969771] x86: Booted up 1 node, 2 CPUs
[    0.971543] smpboot: Total of 2 processors activated (9977.40 BogoMIPS)
[    0.974519] devtmpfs: initialized
[    0.977803] evm: security.selinux
[    0.985891] evm: security.SMACK64
[    0.992829] evm: security.SMACK64EXEC
[    0.994178] evm: security.SMACK64TRANSMUTE
[    0.995398] evm: security.SMACK64MMAP
[    0.996768] evm: security.ima
[    0.998977] evm: security.capability
[    1.000834] clocksource: jiffies: mask: 0xffffffff max_cycles: 0xffffffff, max_idle_ns: 7645041785100000 ns
[    1.010265] futex hash table entries: 512 (order: 3, 32768 bytes)
[    1.012625] pinctrl core: initialized pinctrl subsystem
[    1.014889] RTC time: 18:32:18, date: 07/13/17
[    1.021825] NET: Registered protocol family 16
[    1.036817] cpuidle: using governor ladder
[    1.052866] cpuidle: using governor menu
[    1.071094] PCCT header not found.
[    1.072344] ACPI: bus type PCI registered
[    1.073609] acpiphp: ACPI Hot Plug PCI Controller Driver version: 0.5
[    1.075861] PCI: Using configuration type 1 for base access
[    1.089302] ACPI: Added _OSI(Module Device)
[    1.093526] ACPI: Added _OSI(Processor Device)
[    1.100127] ACPI: Added _OSI(3.0 _SCP Extensions)
[    1.101496] ACPI: Added _OSI(Processor Aggregator Device)
[    1.110908] ACPI: Executed 1 blocks of module-level executable AML code
[    1.117901] ACPI: Interpreter enabled
[    1.121952] ACPI: (supports S0 S5)
[    1.136993] ACPI: Using IOAPIC for interrupt routing
[    1.139016] PCI: Using host bridge windows from ACPI; if necessary, use "pci=nocrs" and report a bug
[    1.148494] ACPI: PCI Root Bridge [PCI0] (domain 0000 [bus 00-ff])
[    1.157215] acpi PNP0A03:00: _OSC: OS supports [ASPM ClockPM Segments MSI]
[    1.167179] acpi PNP0A03:00: _OSC failed (AE_NOT_FOUND); disabling ASPM
[    1.169814] acpi PNP0A03:00: fail to add MMCONFIG information, can't access extended PCI configuration space under this bridge.
[    1.174222] PCI host bridge to bus 0000:00
[    1.175465] pci_bus 0000:00: root bus resource [io  0x0000-0x0cf7 window]
[    1.177390] pci_bus 0000:00: root bus resource [io  0x0d00-0xffff window]
[    1.184565] pci_bus 0000:00: root bus resource [mem 0x000a0000-0x000bffff window]
[    1.187315] pci_bus 0000:00: root bus resource [mem 0x40000000-0xffdfffff window]
[    1.192603] pci_bus 0000:00: root bus resource [bus 00-ff]
[    1.196888] pci 0000:00:01.1: legacy IDE quirk: reg 0x10: [io  0x01f0-0x01f7]
[    1.206233] pci 0000:00:01.1: legacy IDE quirk: reg 0x14: [io  0x03f6]
[    1.225148] pci 0000:00:01.1: legacy IDE quirk: reg 0x18: [io  0x0170-0x0177]
[    1.227065] pci 0000:00:01.1: legacy IDE quirk: reg 0x1c: [io  0x0376]
[    1.261281] pci 0000:00:07.0: quirk: [io  0x4000-0x403f] claimed by PIIX4 ACPI
[    1.273523] pci 0000:00:07.0: quirk: [io  0x4100-0x410f] claimed by PIIX4 SMB
[    1.292890] ACPI: PCI Interrupt Link [LNKA] (IRQs 5 9 10 *11)
[    1.316858] ACPI: PCI Interrupt Link [LNKB] (IRQs 5 9 10 *11)
[    1.319894] ACPI: PCI Interrupt Link [LNKC] (IRQs 5 9 *10 11)
[    1.322805] ACPI: PCI Interrupt Link [LNKD] (IRQs 5 *9 10 11)
[    1.325823] ACPI: Enabled 2 GPEs in block 00 to 07
[    1.328356] vgaarb: setting as boot device: PCI:0000:00:02.0
[    1.330223] vgaarb: device added: PCI:0000:00:02.0,decodes=io+mem,owns=io+mem,locks=none
[    1.333625] vgaarb: loaded
[    1.336161] vgaarb: bridge control possible 0000:00:02.0
[    1.349798] SCSI subsystem initialized
[    1.351417] ACPI: bus type USB registered
[    1.352998] usbcore: registered new interface driver usbfs
[    1.355014] usbcore: registered new interface driver hub
[    1.356845] usbcore: registered new device driver usb
[    1.359124] PCI: Using ACPI for IRQ routing
[    1.361315] NetLabel: Initializing
[    1.364164] NetLabel:  domain hash size = 128
[    1.367468] NetLabel:  protocols = UNLABELED CIPSOv4
[    1.369248] NetLabel:  unlabeled traffic allowed by default
[    1.372742] amd_nb: Cannot enumerate AMD northbridges
[    1.374588] clocksource: Switched to clocksource kvm-clock
[    1.395597] AppArmor: AppArmor Filesystem Enabled
[    1.401078] pnp: PnP ACPI init
[    1.403755] pnp: PnP ACPI: found 3 devices
[    1.417905] clocksource: acpi_pm: mask: 0xffffff max_cycles: 0xffffff, max_idle_ns: 2085701024 ns
[    1.423902] NET: Registered protocol family 2
[    1.429638] TCP established hash table entries: 8192 (order: 4, 65536 bytes)
[    1.431656] TCP bind hash table entries: 8192 (order: 5, 131072 bytes)
[    1.439331] TCP: Hash tables configured (established 8192 bind 8192)
[    1.441434] UDP hash table entries: 512 (order: 2, 16384 bytes)
[    1.443384] UDP-Lite hash table entries: 512 (order: 2, 16384 bytes)
[    1.451581] NET: Registered protocol family 1
[    1.453321] pci 0000:00:00.0: Limiting direct PCI/PCI transfers
[    1.455698] pci 0000:00:01.0: Activating ISA DMA hang workarounds
[    1.459548] Unpacking initramfs...
[    4.231022] Freeing initrd memory: 10788K (ffff880036ade000 - ffff880037567000)
[    4.236362] RAPL PMU detected, API unit is 2^-32 Joules, 3 fixed counters 10737418240 ms ovfl timer
[    4.262219] hw unit of domain pp0-core 2^-0 Joules
[    4.263458] hw unit of domain package 2^-0 Joules
[    4.264710] hw unit of domain pp1-gpu 2^-0 Joules
[    4.266051] platform rtc_cmos: registered platform RTC device (no PNP device found)
[    4.268299] Scanning for low memory corruption every 60 seconds
[    4.310468] audit: initializing netlink subsys (disabled)
[    4.313954] audit: type=2000 audit(1499970745.973:1): initialized
[    4.324125] Initialise system trusted keyring
[    4.334170] HugeTLB registered 2 MB page size, pre-allocated 0 pages
[    4.349015] zbud: loaded
[    4.351720] VFS: Disk quotas dquot_6.6.0
[    4.354331] VFS: Dquot-cache hash table entries: 512 (order 0, 4096 bytes)
[    4.356571] squashfs: version 4.0 (2009/01/31) Phillip Lougher
[    4.360594] fuse init (API version 7.23)
[    4.370542] Key type big_key registered
[    4.372237] Allocating IMA MOK and blacklist keyrings.
[    4.379629] Key type asymmetric registered
[    4.385539] Asymmetric key parser 'x509' registered
[    4.388318] Block layer SCSI generic (bsg) driver version 0.4 loaded (major 249)
[    4.395074] io scheduler noop registered
[    4.397694] io scheduler deadline registered (default)
[    4.399607] io scheduler cfq registered
[    4.401390] pci_hotplug: PCI Hot Plug PCI Core version: 0.5
[    4.403294] pciehp: PCI Express Hot Plug Controller Driver version: 0.4
[    4.418021] ACPI: AC Adapter [AC] (on-line)
[    4.421207] input: Power Button as /devices/LNXSYSTM:00/LNXPWRBN:00/input/input0
[    4.424180] ACPI: Power Button [PWRF]
[    4.435974] input: Sleep Button as /devices/LNXSYSTM:00/LNXSLPBN:00/input/input1
[    4.439032] ACPI: Sleep Button [SLPF]
[    4.441799] ACPI: Battery Slot [BAT0] (battery present)
[    4.444488] GHES: HEST is not enabled!
[    4.445827] Serial: 8250/16550 driver, 32 ports, IRQ sharing enabled
[    4.472844] 00:02: ttyS0 at I/O 0x3f8 (irq = 4, base_baud = 115200) is a 16550A
[    4.477756] Linux agpgart interface v0.103
[    4.484145] loop: module loaded
[    4.487451] scsi host0: ata_piix
[    4.489829] scsi host1: ata_piix
[    4.490989] ata1: PATA max UDMA/33 cmd 0x1f0 ctl 0x3f6 bmdma 0xd000 irq 14
[    4.492751] ata2: PATA max UDMA/33 cmd 0x170 ctl 0x376 bmdma 0xd008 irq 15
[    4.494837] libphy: Fixed MDIO Bus: probed
[    4.497332] tun: Universal TUN/TAP device driver, 1.6
[    4.504857] tun: (C) 1999-2004 Max Krasnyansky <maxk@qualcomm.com>
[    4.506727] PPP generic driver version 2.4.2
[    4.509525] ehci_hcd: USB 2.0 'Enhanced' Host Controller (EHCI) Driver
[    4.511689] ehci-pci: EHCI PCI platform driver
[    4.513244] ehci-platform: EHCI generic platform driver
[    4.514763] ohci_hcd: USB 1.1 'Open' Host Controller (OHCI) Driver
[    4.516518] ohci-pci: OHCI PCI platform driver
[    4.517861] ohci-platform: OHCI generic platform driver
[    4.519443] uhci_hcd: USB Universal Host Controller Interface driver
[    4.521278] i8042: PNP: PS/2 Controller [PNP0303:PS2K,PNP0f03:PS2M] at 0x60,0x64 irq 1,12
[    4.524324] serio: i8042 KBD port at 0x60,0x64 irq 1
[    4.527043] serio: i8042 AUX port at 0x60,0x64 irq 12
[    4.528764] mousedev: PS/2 mouse device common for all mice
[    4.531271] input: AT Translated Set 2 keyboard as /devices/platform/i8042/serio0/input/input2
[    4.535438] rtc_cmos rtc_cmos: rtc core: registered rtc_cmos as rtc0
[    4.541983] rtc_cmos rtc_cmos: alarms up to one day, 114 bytes nvram
[    4.543798] i2c /dev entries driver
[    4.544979] device-mapper: uevent: version 1.0.3
[    4.546540] device-mapper: ioctl: 4.34.0-ioctl (2015-10-28) initialised: dm-devel@redhat.com
[    4.549106] ledtrig-cpu: registered to indicate activity on CPUs
[    4.551536] NET: Registered protocol family 10
[    4.581766] NET: Registered protocol family 17
[    4.596897] Key type dns_resolver registered
[    4.617597] microcode: CPU0 sig=0x306a9, pf=0x2, revision=0x19
[    4.624607] microcode: CPU1 sig=0x306a9, pf=0x2, revision=0x19
[    4.626479] microcode: Microcode Update Driver: v2.01 <tigran@aivazian.fsnet.co.uk>, Peter Oruba
[    4.629953] registered taskstats version 1
[    4.636113] Loading compiled-in X.509 certificates
[    4.639166] Loaded X.509 cert 'Build time autogenerated kernel key: 35105354eb779045e4d9ad793dead39d5ee93f76'
[    4.667511] zswap: loaded using pool lzo/zbud
[    4.695259] Key type trusted registered
[    4.716753] Key type encrypted registered
[    4.721497] AppArmor: AppArmor sha1 policy hashing enabled
[    4.724034] ima: No TPM chip found, activating TPM-bypass!
[    4.725364] evm: HMAC attrs: 0x1
[    4.726846]   Magic number: 9:370:544
[    4.755512] tty ttyS20: hash matches
[    4.757955] rtc_cmos rtc_cmos: setting system clock to 2017-07-13 18:32:21 UTC (1499970741)
[    4.760819] BIOS EDD facility v0.16 2004-Jun-25, 0 devices found
[    4.765341] EDD information not available.
[    4.778576] Freeing unused kernel memory: 1488K (ffffffff81f45000 - ffffffff820b9000)
[    4.782509] Write protecting the kernel read-only data: 14336k
[    4.784963] Freeing unused kernel memory: 1760K (ffff880001848000 - ffff880001a00000)
[    4.790669] Freeing unused kernel memory: 112K (ffff880001de4000 - ffff880001e00000)
Loading, please wait...
starting version[    4.830269] random: systemd-udevd: uninitialized urandom read (16 bytes read, 2 bits of entropy available)
 229
[    4.830881] random: udevadm: uninitialized urandom read (16 bytes read, 2 bits of entropy available)
[    4.830932] random: udevadm: uninitialized urandom read (16 bytes read, 2 bits of entropy available)
[    4.831087] random: udevadm: uninitialized urandom read (16 bytes read, 2 bits of entropy available)
[    4.831147] random: udevadm: uninitialized urandom read (16 bytes read, 2 bits of entropy available)
[    4.831243] random: udevadm: uninitialized urandom read (16 bytes read, 2 bits of entropy available)
[    4.831336] random: udevadm: uninitialized urandom read (16 bytes read, 2 bits of entropy available)
[    4.831440] random: udevadm: uninitialized urandom read (16 bytes read, 2 bits of entropy available)
[    4.831530] random: udevadm: uninitialized urandom read (16 bytes read, 2 bits of entropy available)
[    4.831618] random: udevadm: uninitialized urandom read (16 bytes read, 2 bits of entropy available)
[    4.926926] Fusion MPT base driver 3.04.20
[    4.932510] Copyright (c) 1999-2008 LSI Corporation
[    4.936997] e1000: Intel(R) PRO/1000 Network Driver - version 7.3.21-k8-NAPI
[    4.942281] e1000: Copyright (c) 1999-2006 Intel Corporation.
[    4.960950] Fusion MPT SPI Host driver 3.04.20
[    4.995103] mptbase: ioc0: Initiating bringup
[    5.008296] AVX version of gcm_enc/dec engaged.
[    5.010325] AES CTR mode by8 optimization enabled
[    5.059118] ioc0: LSI53C1030 A0: Capabilities={Initiator}
[    5.184457] input: ImExPS/2 Generic Explorer Mouse as /devices/platform/i8042/serio1/input/input4
[    5.229130] scsi host2: ioc0: LSI53C1030 A0, FwRev=00000000h, Ports=1, MaxQ=256, IRQ=20
[    5.262848] tsc: Refined TSC clocksource calibration: 2493.893 MHz
[    5.266492] clocksource: tsc: mask: 0xffffffffffffffff max_cycles: 0x23f2b0a09ba, max_idle_ns: 440795228656 ns
[    5.347345] scsi 2:0:0:0: Direct-Access     VBOX     HARDDISK         1.0  PQ: 0 ANSI: 5
[    5.360490] scsi target2:0:0: Beginning Domain Validation
[    5.369273] scsi target2:0:0: Domain Validation skipping write tests
[    5.393651] scsi target2:0:0: Ending Domain Validation
[    5.415783] scsi target2:0:0: asynchronous
[    5.8480] scsi 2:0:1:0: Direct-Access     VBOX     HARDDISK         1.0  PQ: 0 ANSI: 5
[    5.880848] e1000 0000:00:03.0 eth0: (PCI:33MHz:32-bit) 02:6e:aa:4e:78:a9
[    5.880857] e1000 0000:00:03.0 eth0: Intel(R) PRO/1000 Network Connection
[    6.651081] scsi target2:0:1: Beginning Domain Validation
[    6.651715] e1000 0000:00:03.0 enp0s3: renamed from eth0
[    6.674357] scsi target2:0:1: Domain Validation skipping write tests
[    6.683367] scsi target2:0:1: Ending Domain Validation
[    6.686446] scsi target2:0:1: asynchronous
[    6.785073] sd 2:0:0:0: Attached scsi generic sg0 type 0
[    6.793324] sd 2:0:0:0: [sda] 20971520 512-byte logical blocks: (10.7 GB/10.0 GiB)
[    6.795289] sd 2:0:1:0: Attached scsi generic sg1 type 0
[    6.802830] sd 2:0:1:0: [sdb] 20480 512-byte logical blocks: (10.5 MB/10.0 MiB)
[    6.816256] sd 2:0:1:0: [sdb] Write Protect is off
[    6.816257] sd 2:0:0:0: [sda] Write Protect is off
[    6.826499] sd 2:0:1:0: [sdb] Incomplete mode parameter data
[    6.826558] sd 2:0:0:0: [sda] Incomplete mode parameter data
[    6.826561] sd 2:0:0:0: [sda] Assuming drive cache: write through
[    6.856418] sd 2:0:1:0: [sdb] Assuming drive cache: write through
[    6.899685]  sda: sda1
[    6.911007] sd 2:0:0:0: [sda] Attached SCSI disk
[    6.919422] sd 2:0:1:0: [sdb] Attached SCSI disk
[    7.958744] floppy0: no floppy controllers found
Begin: Loading essential drivers ... [    9.624148] md: linear personality registered for level -1
[    9.631381] md: multipath personality registered for level -4
[    9.650039] md: raid0 personality registered for level 0
[    9.662522] md: raid1 personality registered for level 1
[    9.759393] raid6: sse2x1   gen()  4372 MB/s
[    9.826840] raid6: sse2x1   xor()  3947 MB/s
[    9.894867] raid6: sse2x2   gen()  4988 MB/s
[    9.962886] raid6: sse2x2   xor()  3775 MB/s
[   10.030866] raid6: sse2x4   gen()  5745 MB/s
[   10.099045] raid6: sse2x4   xor()  5503 MB/s
[   10.102318] raid6: using algorithm sse2x4 gen() 5745 MB/s
[   10.105008] raid6: .... xor() 5503 MB/s, rmw enabled
[   10.107498] raid6: using ssse3x2 recovery algorithm
[   10.112432] xor: automatically using best checksumming function:
[   10.154619]    avx       : 10084.000 MB/sec
[   10.159986] async_tx: api initialized (async)
[   10.180606] md: raid6 personality registered for level 6
[   10.192099] md: raid5 personality registered for level 5
[   10.194033] md: raid4 personality registered for level 4
[   10.207544] md: raid10 personality registered for level 10
done.
Begin: Running /scripts/init-premount ... done.
Begin: Mounting root file system ... Begin: Running /scripts/local-top ... done.
Begin: Running /scripts/local-premount ... [   10.350083] Btrfs loaded
Scanning for Btrfs filesystems
done.
Warning: fsck not present, so skipping root file system
[   10.613927] EXT4-fs (sda1): mounted filesystem with ordered data mode. Opts: (null)
done.
Begin: Running /scripts/local-bottom ... done.
Begin: Running /scripts/init-bottom ... done.
[   11.240198] random: nonblocking pool is initialized
[   11.612470] systemd[1]: systemd 229 running in system mode. (+PAM +AUDIT +SELINUX +IMA +APPARMOR +SMACK +SYSVINIT +UTMP +LIBCRYPTSETUP +GCRYPT +GNUTLS +ACL +XZ -LZ4 +SECCOMP +BLKID +ELFUTILS +KMOD -IDN)
[   11.619839] systemd[1]: Detected virtualization oracle.
[   11.621938] systemd[1]: Detected architecture x86-64.

Welcome to [1mUbuntu 16.04.2 LTS[0m!

[   11.703825] systemd[1]: Set hostname to <ubuntu>.
[   11.735682] systemd[1]: Initializing machine ID from random generator.
[   11.739206] systemd[1]: Installed transient /etc/machine-id file.
[   13.830215] systemd[1]: Reached target Encrypted Volumes.
[[0;32m  OK  [0m] Reached target Encrypted Volumes.
[   13.834265] systemd[1]: Listening on Journal Audit Socket.
[[0;32m  OK  [0m] Listening on Journal Audit Socket.
[   13.840056] systemd[1]: Listening on Journal Socket (/dev/log).
[[0;32m  OK  [0m] Listening on Journal Socket (/dev/log).
[   13.844206] systemd[1]: Reached target User and Group Name Lookups.
[[0;32m  OK  [0m] Reached target User and Group Name Lookups.
[   13.850642] systemd[1]: Created slice User and Session Slice.
[[0;32m  OK  [0m] Created slice User and Session Slice.
[   13.899269] systemd[1]: Listening on udev Kernel Socket.
[[0;32m  OK  [0m] Listening on udev Kernel Socket.
[   13.911610] systemd[1]: Started Forward Password Requests to Wall Directory Watch.
[[0;32m  OK  [0m] Started Forward Password Requests to Wall Directory Watch.
[   13.917825] systemd[1]: Listening on /dev/initctl Compatibility Named Pipe.
[[0;32m  OK  [0m] Listening on /dev/initctl Compatibility Named Pipe.
[   13.922367] systemd[1]: Listening on Device-mapper event daemon FIFOs.
[[0;32m  OK  [0m] Listening on Device-mapper event daemon FIFOs.
[   13.926970] systemd[1]: Listening on udev Control Socket.
[[0;32m  OK  [0m] Listening on udev Control Socket.
[   13.935028] systemd[1]: Created slice System Slice.
[[0;32m  OK  [0m] Created slice System Slice.
[   13.940860] systemd[1]: Reached target Slices.
[[0;32m  OK  [0m] Reached target Slices.
[   13.944213] systemd[1]: Listening on Syslog Socket.
[[0;32m  OK  [0m] Listening on Syslog Socket.
[   13.953690] systemd[1]: Listening on LVM2 metadata daemon socket.
[[0;32m  OK  [0m] Listening on LVM2 metadata daemon socket.
[   13.964671] systemd[1]: Created slice system-serial\x2dgetty.slice.
[[0;32m  OK  [0m] Created slice system-serial\x2dgetty.slice.
[   13.975405] systemd[1]: Set up automount Arbitrary Executable File Formats File System Automount Point.
[[0;32m  OK  [0m] Set up automount Arbitrary Executab...ats File System Automount Point.
[   13.988092] systemd[1]: Reached target Swap.
[[0;32m  OK  [0m] Reached target Swap.
[   13.996790] systemd[1]: Started Trigger resolvconf update for networkd DNS.
[[0;32m  OK  [0m] Started Trigger resolvconf update for networkd DNS.
[   14.017968] systemd[1]: Listening on LVM2 poll daemon socket.
[[0;32m  OK  [0m] Listening on LVM2 poll daemon socket.
[   14.029703] systemd[1]: Listening on Journal Socket.
[[0;32m  OK  [0m] Listening on Journal Socket.
[   14.094486] systemd[1]: Mounting POSIX Message Queue File System...
         Mounting POSIX Message Queue File System...
[   14.109431] systemd[1]: Starting Monitoring of LVM2 mirrors, snapshots etc. using dmeventd or progress polling...
         Starting Monitoring of LVM2 mirrors... dmeventd or progress polling...
[   14.119955] systemd[1]: Mounting Debug File System...
         Mounting Debug File System...
[   14.127288] systemd[1]: Starting Set console keymap...
         Starting Set console keymap...
[   14.141241] systemd[1]: Starting Create list of required static device nodes for the current kernel...
         Starting Create list of required st... nodes for the current kernel...
[   14.152052] systemd[1]: Starting Uncomplicated firewall...
         Starting Uncomplicated firewall...
[   14.267068] systemd[1]: Starting Load Kernel Modules...
         Starting Load Kernel Modules...
[   14.274822] systemd[1]: Mounting Huge Pages File System...
         Mounting Huge Pages File System...
[   14.323222] systemd[1]: Starting Journal Service...
         Starting Journal Service...
[   14.330587] systemd[1]: Starting Remount Root and Kernel File Systems...
         Starting Remount Root and Kernel File Systems...
[   14.338998] systemd[1]: Starting Nameserver information manager...
         Starting Nameserver information manager...
[   14.349393] systemd[1]: Mounted Huge Pages File System.
[[0;32m  OK  [0m] Mounted Huge Pages File System.
[   14.367331] systemd[1]: Mounted POSIX Message Queue File System.
[[0;32m  OK  [0m] Mounted POSIX Message Queue File System.
[   14.374543] systemd[1]: Mounted Debug File System.
[[0;32m  OK  [0m] Mounted Debug File System.
[   14.380092] systemd[1]: Started Create list of required static device nodes for the current kernel.
[[0;32m  OK  [0m] Started Create list of required sta...ce nodes for the current kernel.
[   14.391077] systemd[1]: Started Uncomplicated firewall.
[[0;32m  OK  [0m] Started Uncomplicated firewall.
[   14.411190] systemd[1]: Starting Create Static Device Nodes in /dev...
         Startin[   14.421078] EXT4-fs (sda1): re-mounted. Opts: (null)
g Create Static Device Nodes in /dev...
[   14.452602] systemd[1]: Started Remount Root and Kernel File Systems.
[[0;32m  OK  [0m] Started Remount Root and Kernel File Systems.
[   14.551235] systemd[1]: Starting udev Coldplug all Devices...
         Starting udev Coldplug all Devices...
[   14.562294] systemd[1]: Starting Initial cloud-init job (pre-networking)...
         Starting Initial cloud-init job (pre-networking)...
[   14.571345] systemd[1]: Starting Load/Save Random Seed...
         Starting Load/Save Random Seed...
[   14.619295] systemd[1]: Started Nameserver information manager.
[[0;32m  OK  [0m] Started Nameserver information manager.
[   14.643739] Loading iSCSI transport class v2.0-870.
[   14.796469] systemd[1]: Started Set console keymap.
[[0;32m  OK  [0m] Started Set console keymap.
[   14.853560] systemd[1]: Started Load/Save Random Seed.
[[0;32m  OK  [0m] Started Load/Save Random Seed.
[   14.937185] iscsi: registered transport (tcp)
[   14.960341] systemd[1]: Started udev Coldplug all Devices.
[[0;32m  OK  [0m] Started udev Coldplug all Devices.
[   15.083403] systemd[1]: Started LVM2 metadata daemon.
[[0;32m  OK  [0m] Started LVM2 metadata daemon.
[  15.3530] systemd[1]: Started Journal Service.
[[0;32m  OK  [0m] Started Journal Service.
         Starting Flush Journal to Persistent Storage...
[   15.665680] systemd-journald[399]: Received request to flush runtime journal from PID 1
[[0;32m  OK  [0m] Started Flush Journal to Persistent Storage.
[   15.789084] iscsi: registered transport (iser)
[[0;32m  OK  [0m] Started Load Kernel Modules.
         Starting Apply Kernel Variables...
         Mounting FUSE Control File System...
[[0;32m  OK  [0m] Mounted FUSE Control File System.
[[0;32m  OK  [0m] Started Monitoring of LVM2 mirrors,...ng dmeventd or progress polling.
[[0;32m  OK  [0m] Started Apply Kernel Variables.
[[0;32m  OK  [0m] Started Create Static Device Nodes in /dev.
         Starting udev Kernel Device Manager...
[[0;32m  OK  [0m] Started udev Kernel Device Manager.
[[0;32m  OK  [0m] Reached target Local File Systems (Pre).
[[0;32m  OK  [0m] Reached target Local File Systems.
         Starting Create Volatile Files and Directories...
         Starting Commit a transient machine-id on disk...
         Starting Tell Plymouth To Write Out Runtime Data...
         Starting LSB: AppArmor initialization...
         Starting Set console font and keymap...
[[0;32m  OK  [0m] Started Dispatch Password Requests to Console Directory Watch.
[[0;32m  OK  [0m] Started Commit a transient machine-id on disk.
[[0;32m  OK  [0m] Started Tell Plymouth To Write Out Runtime Data.
[[0;32m  OK  [0m] Started Create Volatile Files and Directories.
[[0;32m  OK  [0m] Reached target System Time Synchronized.
         Starting Update UTMP about System Boot/Shutdown...
[[0;32m  OK  [0m] Found device /dev/ttyS0.
[[0;32m  OK  [0m] Started Update UTMP about System Boot/Shutdown.
[[0;32m  OK  [0m] Started Set console font and keymap.
[[0;32m  OK  [0m] Created slice system-getty.slice.
[[0;32m  OK  [0m] Listening on Load/Save RF Kill Switch Status /dev/rfkill Watch.
[[0;32m  OK  [0m] Started LSB: AppArmor initialization.
[   23.084321] cloud-init[425]: Cloud-init v. 0.7.9 running 'init-local' at Thu, 13 Jul 2017 18:32:39 +0000. Up 22.30 seconds.
[[0;32m  OK  [0m] Started Initial cloud-init job (pre-networking).
[[0;32m  OK  [0m] Reached target Network (Pre).
         Starting Raise network interfaces...
[[0;32m  OK  [0m] Started Raise network interfaces.
[[0;32m  OK  [0m] Reached target Network.
         Starting Initial cloud-init job (metadata service crawler)...
[   25.943755] cloud-init[944]: Cloud-init v. 0.7.9 running 'init' at Thu, 13 Jul 2017 18:32:41 +0000. Up 24.16 seconds.
[   25.950506] cloud-init[944]: ci-info: +++++++++++++++++++++++++++++++++++++Net device info++++++++++++++++++++++++++++++++++++++
[   25.954228] cloud-init[944]: ci-info: +--------+------+----------------------------+---------------+-------+-------------------+
[   25.958580] cloud-init[944]: ci-info: | Device |  Up  |          Address           |      Mask     | Scope |     Hw-Address    |
[   25.962787] cloud-init[944]: ci-info: +--------+------+----------------------------+---------------+-------+-------------------+
[   25.966614] cloud-init[944]: ci-info: | enp0s3 | True |         10.0.2.15          | 255.255.255.0 |   .   | 02:6e:aa:4e:78:a9 |
[   25.970840] cloud-init[944]: ci-info: | enp0s3 | True | fe80::6e:aaff:fe4e:78a9/64 |       .       |  link | 02:6e:aa:4e:78:a9 |
[   25.976938] cloud-init[944]: ci-info: |   lo   | True |         127.0.0.1          |   255.0.0.0   |   .   |         .         |
[   25.986203] cloud-init[944]: ci-info: |   lo   | True |          ::1/128           |       .       |  host |         .         |
[   25.990792] cloud-init[944]: ci-info: +--------+------+----------------------------+---------------+-------+-------------------+
[   26.003712] cloud-init[944]: ci-info: +++++++++++++++++++++++++++Route IPv4 info++++++++++++++++++++++++++++
[   26.008896] cloud-init[944]: ci-info: +-------+-------------+----------+---------------+-----------+-------+
[   26.014411] cloud-init[944]: ci-info: | Route | Destination | Gateway  |    Genmask    | Interface | Flags |
[   26.019867] cloud-init[944]: ci-info: +-------+-------------+----------+---------------+-----------+-------+
[   26.024043] cloud-init[944]: ci-info: |   0   |   0.0.0.0   | 10.0.2.2 |    0.0.0.0    |   enp0s3  |   UG  |
[   26.029873] cloud-init[944]: ci-info: |   1   |   10.0.2.0  | 0.0.0.0  | 255.255.255.0 |   enp0s3  |   U   |
[   26.041152] cloud-init[944]: ci-info: +-------+-------------+----------+---------------+-----------+-------+
[   26.064860] [cloud-init[0;32m  OK  [0m[944]: ] Generating public/private rsa key pair.Started Initial cloud-init job (metadata service crawler).

[   26.065654] cloud-init[944]: Your identification has been saved in /etc/ssh/ssh_host_rsa_key.
[   26.072858] cloud-init[944]: Your public key has been saved in /etc/ssh/ssh_host_rsa_key.pub.
[   26.073355] cloud-init[944]: The key fingerprint is:
[[0;32m  OK  [0m] Reached target System Initialization.
[   26.073580] cloud-init[944]: SHA256:hIbGgGfouMoikhdLrICMRjN++rXg9S0dANxPJqTvN/4 root@ubuntu-xenial
[   26.078180] cloud-init[944]: The key's randomart image is:
[   26.078387] cloud-init[944]: +---[RSA 2048]----+
[   26.078630] cloud-init[944]: | o. . o.         |
[   26.079094] cloud-init[944]: |o oo +.+ o       |
[   26.079372] cloud-init[944]: |oo  +.+ *        |
[[0;32m  OK  [0m] Listening on UUID daemon activation socket.
[   26.079569] cloud-init[944]: |.= . ..o .       |
[   26.101124] cloud-init[944]: |*oo    .S        |
[   26.127869] cloud-init[944]: |=++.  .  .       |
[   26.128436] cloud-init[944]: |=+o+ o ..o.      |
[[0;32m  OK  [0m] Started ACPI Events Check.
[   26.128660] cloud-init[944]: |Bo+ + o.+..      |
[   26.154715] cloud-init[944]: |+..o . ..o.E     |
[[0;32m  OK  [0m] Reached target Paths.
[   26.154960] cloud-init[944]: +----[SHA256]-----+
[   26.181185] cloud-init[944]: Generating public/private dsa key pair.
[   26.181569] cloud-init[944]: Your identification has been saved in /etc/ssh/ssh_host_dsa_key.
[   26.181820] cloud-init[944]: Your public key has been saved in /etc/ssh/ssh_host_dsa_key.pub.
[   26.182046] cloud-init[944]: The key fingerprint is:
[   26.182277] cloud-init[944]: SHA256:Xjmp6Zc1DhpsX0POgdMs4z/YuQnADIBQ8FlgDjpmd9U root@ubuntu-xenial
[   26.183086] cloud-init[944]: The key's randomart image is:
[   26.183370] cloud-init[944]: +---[DSA 1024]----+
[[0;32m  OK  [0m] Started Timer to automatically refresh installed snaps.
[   26.183534] cloud-init[944]: |+++oo  ..        |
[   26.197674] cloud-init[944]: |.=.o ..  E       |
[   26.198146] cloud-init[944]: |oo+. ..    +     |
         Starting Socket activation for snappy daemon.
[   26.198390] cloud-init[944]: |o.. .  +  =o=    |
[   26.207429] cloud-init[944]: |       .S.=B .   |
[   26.208914] cloud-init[944]: |       .+=o.B    |
[   26.248774] cloud-init[944]: |       .++.X +   |
[   26.251655] cloud-init[944]: |       .. =.*.   |
[   26.253141] cloud-init[944]: |        ..  oo   |
[   26.254482] cloud-init[944]: +----[SHA256]-----+
[   26.256046] cloud-init[944]: Generating public/private ecdsa key pair.
[   26.257688] cloud-init[944]: Your identification has been saved in /etc/ssh/ssh_host_ecdsa_key.
[   26.288685] cloud-init[944]: Your public key has been saved in /etc/ssh/ssh_host_ecdsa_key.pub.
[   26.292195] cloud-init[944]: The key fingerprint is:
[   26.297502] cloud-init[944]: SHA256:jxcy1a6DMYEMKv7JxE51t3d/xrQuCFr/vR/HYxBldpQ root@ubuntu-xenial
[   26.299461] cloud-init[944]: The key's randomart image is:
[   26.322140] cloud-init[944]: +---[ECDSA 256]---+
[   26.324688] cloud-init[944]: |    .          =+|
[   26.326345] cloud-init[944]: |   . o .   .  +E.|
[   26.327680] cloud-init[944]: |. .  .o.... ..   |
[   26.329083] cloud-init[944]: |... . . .o..  .  |
[   26.330419] cloud-init[944]: | . +    S....o  .|
[   26.331735] cloud-init[944]: |  * .    @.o. o+.|
[   26.333153] cloud-init[944]: |   =    = B .  **|
[   26.341229] cloud-init[944]: |       . . + .+.=|
[   26.342659] cloud-init[944]: |            ...++|
[   26.344037] cloud-init[944]: +----[SHA256]-----+
[   26.350015] cloud-init[944]: Generating public/private ed25519 key pair.
[   26.375488] cloud-init[944]: Your identification has been saved in /etc/ssh/ssh_host_ed25519_key.
[   26.379285] cloud-init[944]: Your public key has been saved in /etc/ssh/ssh_host_ed25519_key.pub.
[   26.381339] cloud-init[944]: The key fingerprint is:
[   26.382771] cloud-init[944]: SHA256:PiBHrDyPpvrRU1Hwu+WBPUedjwXKtx6QQZH8Xi1X28c root@ubuntu-xenial
[   26.386072] cloud-init[944]: The key's randomart image is:
[   26.388751] cloud-init[944]: +--[ED25519 256]--+
[   26.390085] cloud-init[944]: |      ...  o+o.  |
[   26.391398] cloud-init[944]: |     . o   .o= o.|
[   26.392795] cloud-init[944]: |      + .   *.+.*|
[   26.394140] cloud-init[944]: |   . o . + . oo*E|
[   26.395428] cloud-init[944]: |    = + S = ..++o|
[   26.418491] cloud-init[944]: |   . B o + + ... |
[   26.419053] cloud-init[944]: |  . = . + .   .  |
         Starting LXD - unix socket.
[   26.419263] cloud-init[944]: |   + .   .       |
[   26.446909] cloud-init[944]: |.oo              |
[   26.447097] cloud-init[944]: +----[SHA256]-----+
[[0;32m  OK  [0m] Started Daily Cleanup of Temporary Directories.
[[0;32m  OK  [0m] Listening on ACPID Listen Socket.
[[0;32m  OK  [0m] Listening on D-Bus System Message Bus Socket.
[[0;32m  OK  [0m] Started Daily apt activities.
[[0;32m  OK  [0m] Reached target Timers.
[[0;32m  OK  [0m] Reached target Cloud-config availability.
[[0;32m  OK  [0m] Reached target Network is Online.
         Starting iSCSI initiator daemon (iscsid)...
[[0;32m  OK  [0m] Listening on Socket activation for snappy daemon.
[[0;32m  OK  [0m] Listening on LXD - unix socket.
[[0;32m  OK  [0m] Reached target Sockets.
[[0;32m  OK  [0m] Reached target Basic System.
[[0;32m  OK  [0m] Started ACPI event daemon.
         Starting System Logging Service...
[[0;32m  OK  [0m] Started FUSE filesystem for LXC.
         Starting Accounts Service...
         Starting LXD - container startup/shutdown...
         Starting /etc/rc.local Compatibility...
         Starting Apply the settings specified in cloud-config...
[[0;32m  OK  [0m] Started Unattended Upgrades Shutdown.
         Starting LSB: Record successful boot for GRUB...
[[0;32m  OK  [0m] Started D-Bus System Message Bus.
         Starting Login Service...
[   27.964229] cloud-init[1050]: Generating locales (this might take a while)...
[[0;32m  OK  [0m] Started Regular background program processing daemon.
         Starting LSB: MD monitoring daemon...
[[0;32m  OK  [0m] Started Deferred execution scheduler.
         Starting Pollinate to seed the pseudo random number generator...
[[0;32m  OK  [0m] Started Snappy daemon.
         Starting Auto import assertions from block devices...
[[0;32m  OK  [0m] Started System Logging Service.
[[0;32m  OK  [0m] Started iSCSI initiator daemon (iscsid).
[[0;32m  OK  [0m] Started /etc/rc.local Compatibility.
[[0;32m  OK  [0m] Started Auto import assertions from block devices.
         Starting Login to default iSCSI targets...
[[0;32m  OK  [0m] Started Login Service.
         Starting Authenticate and Authorize Users to Run Privileged Tasks...
[[0;32m  OK  [0m] Started Login to default iSCSI targets.
[[0;32m  OK  [0m] Reached target Remote File Systems (Pre).
[[0;32m  OK  [0m] Reached target Remote File Systems.
         Starting Permit User Sessions...
         Starting LSB: daemon to balance interrupts for SMP systems...
         Starting LSB: VirtualBox Linux Additions...
         Starting LSB: automatic crash report generation...
         Starting LSB: Set the CPU Frequency Scaling governor to "ondemand"...
[[0;32m  OK  [0m] Started LSB: Record successful boot for GRUB.
[[0;32m  OK  [0m] Started Permit User Sessions.
         Starting Hold until boot process finishes up...
         Starting Terminate Plymouth Boot Screen...
[[0;32m  OK  [0m] Started LSB: Set the CPU Frequency Scaling governor to "ondemand".
[[0;32m  OK  [0m] Started Hold until boot process finishes up.
[[0;32m  OK  [0m] Started Terminate Plymouth Boot Screen.
[[0;32m  OK  [0m] Started Serial Getty on ttyS0.
[[0;32m  OK  [0m] Started Getty on tty1.
[[0;32m  OK  [0m] Reached target Login Prompts.
         Starting Set console scheme...
[[0;32m  OK  [0m] Started LSB: daemon to balance interrupts for SMP systems.
[[0;32m  OK  [0m] Started Authenticate and Authorize Users to Run Privileged Tasks.
[[0;32m  OK  [0m] Started Accounts Service.
[[0;32m  OK  [0m] Started LSB: MD monitoring daemon.
[[0;32m  OK  [0m] Started LSB: automatic crash report generation.
[[0;32m  OK  [0m] Started Set console scheme.
[[0;32m  OK  [0m] Started LSB: VirtualBox Linux Additions.
[   31.478872] cloud-init[1050]:   en_US.UTF-8... done
[   31.508823] cloud-init[1050]: Generation complete.
[[0;32m  OK  [0m] Started LXD - container startup/shutdown.
[[0;32m  OK  [0m] Started Pollinate to seed the pseudo random number generator.
         Starting OpenBSD Secure Shell server...
[[0;32m  OK  [0m] Started OpenBSD Secure Shell server.
[[0;32m  OK  [0m] Reached target Multi-User System.
[[0;32m  OK  [0m] Reached target Graphical Interface.
         Starting Update UTMP about System Runlevel Changes...
[[0;32m  OK  [0m] Started Update UTMP about System Runlevel Changes.
         Stopping OpenBSD Secure Shell server...
[[0;32m  OK  [0m] Stopped OpenBSD Secure Shell server.
         Starting OpenBSD Secure Shell server...
[[0;32m  OK  [0m] Started OpenBSD Secure Shell server.

Ubuntu 16.04.2 LTS ubuntu-xenial ttyS0

ubuntu-xenial login: [   36.738803] cloud-init[1050]: Cloud-init v. 0.7.9 running 'modules:config' at Thu, 13 Jul 2017 18:32:44 +0000. Up 27.32 seconds.
ci-info: no authorized ssh keys fingerprints found for user ubuntu.
<14>Jul 13 18:32:55 ec2: 
<14>Jul 13 18:32:55 ec2: #############################################################
<14>Jul 13 18:32:55 ec2: -----BEGIN SSH HOST KEY FINGERPRINTS-----
<14>Jul 13 18:32:55 ec2: 1024 SHA256:Xjmp6Zc1DhpsX0POgdMs4z/YuQnADIBQ8FlgDjpmd9U root@ubuntu-xenial (DSA)
<14>Jul 13 18:32:55 ec2: 256 SHA256:jxcy1a6DMYEMKv7JxE51t3d/xrQuCFr/vR/HYxBldpQ root@ubuntu-xenial (ECDSA)
<14>Jul 13 18:32:55 ec2: 256 SHA256:PiBHrDyPpvrRU1Hwu+WBPUedjwXKtx6QQZH8Xi1X28c root@ubuntu-xenial (ED25519)
<14>Jul 13 18:32:55 ec2: 2048 SHA256:hIbGgGfouMoikhdLrICMRjN++rXg9S0dANxPJqTvN/4 root@ubuntu-xenial (RSA)
<14>Jul 13 18:32:55 ec2: -----END SSH HOST KEY FINGERPRINTS-----
<14>Jul 13 18:32:55 ec2: #############################################################
-----BEGIN SSH HOST KEY KEYS-----
ecdsa-sha2-nistp256 AAAAE2VjZHNhLXNoYTItbmlzdHAyNTYAAAAIbmlzdHAyNTYAAABBBGLxux08+K8wssgqjkKL8MxWBI/yXyclkeUgI6/u+ALpaNU40fJVOnIgi2aAgnId8Nw56efmI5GLCYzfC03/0w8= root@ubuntu-xenial
ssh-ed25519 AAAAC3NzaC1lZDI1NTE5AAAAIAIIQkAnvSubn5jgwJT4nMAm65qiX1J4LUN7Mc4n+CMC root@ubuntu-xenial
ssh-rsa AAAAB3NzaC1yc2EAAAADAQABAAABAQDU3uu0PWuEenLTfcsuZeFE0okzJ3PF1SEShp5AqoPj7tn9heuOA5eS70poZpw7j2+nioz9V2umRmz7EjJBHzyPUU7W2e8Xyl3Meln7TUhrjcxnzdJ+XKsG5hBSQna5VqZmheS1j+NyX3k1SbgpRXVyLbutzD1iaht6vJjgWWIw01cA28/Ca10Slls6SZzAtsm22N+MDL00zFsJRopqYDLcWOo65YvsEBgAL8x6ssrRffIVMoMB29P/taE1YYmTgJmHNT8hqzvQkZ9D0MqggUPL5LohqIgOvc8qd1Y+GkEHydvarTzu0NnkJJQff72i32hYASIRXlperCK5n8GzNPG7 root@ubuntu-xenial
-----END SSH HOST KEY KEYS-----
[   38.294666] cloud-init[1311]: Cloud-init v. 0.7.9 running 'modules:final' at Thu, 13 Jul 2017 18:32:55 +0000. Up 37.44 seconds.
[   38.298906] cloud-init[1311]: ci-info: no authorized ssh keys fingerprints found for user ubuntu.
[   38.302377] cloud-init[1311]: Cloud-init v. 0.7.9 finished at Thu, 13 Jul 2017 18:32:55 +0000. Datasource DataSourceNoCloud [seed=/dev/sdb][dsmode=net].  Up 38.26 seconds
