[ 0000] Initializing cgroup subsys cpuset
[    0.000000] Initializing cgroup subsys cpu
[    0.000000] Initializing cgroup subsys cpuacct
[    0.000000] Linux version 4.4.0-83-generic (buildd@lgw01-29) (gcc version 5.4.0 20160609 (Ubuntu 5.4.0-6ubuntu1~16.04.4) ) #106-Ubuntu SMP Mon Jun 26 17:54:43 UTC 2017 (Ubuntu 4.4.0-83.106-generic 4.4.70)
[    0.000000] Command line: BOOT_IMAGE=/boot/vmlinuz-4.4.0-83-generic root=LABEL=cloudimg-rootfs ro console=tty1 console=ttyS0
[    0.000000] KERNEL supported cpus:
[    0.000000]   Intel GenuineIntel
[    0.000000]   AMD AuthenticAMD
[    0.000000]   Centaur CentaurHauls
[    0.000000] x86/fpu: xstate_offset[2]:  576, xstate_sizes[2]:  256
[    0.000000] x86/fpu: Supporting XSAVE feature 0x01: 'x87 floating point registers'
[    0.000000] x86/fpu: Supporting XSAVE feature 0x02: 'SSE registers'
[    0.000000] x86/fpu: Supporting XSAVE feature 0x04: 'AVX registers'
[    0.000000] x86/fpu: Enabled xstate features 0x7, context size is 832 bytes, using 'standard' format.
[    0.000000] x86/fpu: Using 'lazy' FPU context switches.
[    0.000000] e820: BIOS-provided physical RAM map:
[    0.000000] BIOS-e820: [mem 0x0000000000000000-0x000000000009fbff] usable
[    0.000000] BIOS-e820: [mem 0x000000000009fc00-0x000000000009ffff] reserved
[    0.000000] BIOS-e820: [mem 0x00000000000f0000-0x00000000000fffff] reserved
[    0.000000] BIOS-e820: [mem 0x0000000000100000-0x000000003ffeffff] usable
[    0.000000] BIOS-e820: [mem 0x000000003fff0000-0x000000003fffffff] ACPI data
[    0.000000] BIOS-e820: [mem 0x00000000fec00000-0x00000000fec00fff] reserved
[    0.000000] BIOS-e820: [mem 0x00000000fee00000-0x00000000fee00fff] reserved
[    0.000000] BIOS-e820: [mem 0x00000000fffc0000-0x00000000ffffffff] reserved
[    0.000000] NX (Execute Disable) protection: active
[    0.000000] SMBIOS 2.5 present.
[    0.000000] Hypervisor detected: KVM
[    0.000000] e820: last_pfn = 0x3fff0 max_arch_pfn = 0x400000000
[    0.000000] MTRR: Disabled
[    0.000000] x86/PAT: MTRRs disabled, skipping PAT initialization too.
[    0.000000] x86/PAT: Configuration [0-7]: WB  WT  UC- UC  WB  WT  UC- UC  
[    0.000000] CPU MTRRs all blank - virtualized system.
[    0.000000] found SMP MP-table at [mem 0x0009fff0-0x0009ffff] mapped at [ffff88000009fff0]
[    0.000000] Scanning 1 areas for low memory corruption
[    0.000000] RAMDISK: [mem 0x36ade000-0x37566fff]
[    0.000000] ACPI: Early table checksum verification disabled
[    0.000000] ACPI: RSDP 0x00000000000E0000 000024 (v02 VBOX  )
[    0.000000] ACPI: XSDT 0x000000003FFF0030 00003C (v01 VBOX   VBOXXSDT 00000001 ASL  00000061)
[    0.000000] ACPI: FACP 0x000000003FFF00F0 0000F4 (v04 VBOX   VBOXFACP 00000001 ASL  00000061)
[    0.000000] ACPI: DSDT 0x000000003FFF0470 0021C8 (v02 VBOX   VBOXBIOS 00000002 INTL 20100528)
[    0.000000] ACPI: FACS 0x000000003FFF0200 000040
[    0.000000] ACPI: FACS 0x000000003FFF0200 000040
[    0.000000] ACPI: APIC 0x000000003FFF0240 00005C (v02 VBOX   VBOXAPIC 00000001 ASL  00000061)
[    0.000000] ACPI: SSDT 0x000000003FFF02A0 0001CC (v01 VBOX   VBOXCPUT 00000002 INTL 20100528)
[    0.000000] No NUMA configuration found
[    0.000000] Faking a node at [mem 0x0000000000000000-0x000000003ffeffff]
[    0.000000] NODE_DATA(0) allocated [mem 0x3ffeb000-0x3ffeffff]
[    0.000000] kvm-clock: Using msrs 4b564d01 and 4b564d00
[    0.000000] kvm-clock: cpu 0, msr 0:3ffe3001, primary cpu clock
[    0.000000] kvm-clock: using sched offset of 7739516855 cycles
[    0.000000] clocksource: kvm-clock: mask: 0xffffffffffffffff max_cycles: 0x1cd42e4dffb, max_idle_ns: 881590591483 ns
[    0.000000] Zone ranges:
[    0.000000]   DMA      [mem 0x0000000000001000-0x0000000000ffffff]
[    0.000000]   DMA32    [mem 0x0000000001000000-0x000000003ffeffff]
[    0.000000]   Normal   empty
[    0.000000]   Device   empty
[    0.000000] Movable zone start for each node
[    0.000000] Early memory node ranges
[    0.000000]   node   0: [mem 0x0000000000001000-0x000000000009efff]
[    0.000000]   node   0: [mex0000000000100000-0x000000003ffeffff]
[    0.000000] Initmem setup node 0 [mem 0x0000000000001000-0x000000003ffeffff]
[    0.000000] ACPI: PM-Timer IO Port: 0x4008
[    0.000000] IOAPIC[0]: apic_id 2, version 32, address 0xfec00000, GSI 0-23
[    0.000000] ACPI: INT_SRC_OVR (bus 0 bus_irq 0 global_irq 2 dfl dfl)
[    0.000000] ACPI: INT_SRC_OVR (bus 0 bus_irq 9 global_irq 9 high level)
[    0.000000] Using ACPI (MADT) for SMP configuration information
[    0.000000] smpboot: Allowing 2 CPUs, 0 hotplug CPUs
[    0.000000] PM: Registered nosave memory: [mem 0x00000000-0x00000fff]
[    0.000000] PM: Registered nosave memory: [mem 0x0009f000-0x0009ffff]
[    0.000000] PM: Registered nosave memory: [mem 0x000a0000-0x000effff]
[    0.000000] PM: Registered nosave memory: [mem 0x000f0000-0x000fffff]
[    0.000000] e820: [mem 0x40000000-0xfebfffff] available for PCI devices
[    0.000000] Booting paravirtualized kernel on KVM
[    0.000000] clocksource: refined-jiffies: mask: 0xffffffff max_cycles: 0xffffffff, max_idle_ns: 7645519600211568 ns
[    0.000000] setup_percpu: NR_CPUS:512 nr_cpumask_bits:512 nr_cpu_ids:2 nr_node_ids:1
[    0.000000] PERCPU: Embedded 33 pages/cpu @ffff88003fc00000 s98264 r8192 d28712 u1048576
[    0.000000] PV qspinlock hash table entries: 256 (order: 0, 4096 bytes)
[    0.000000] Built 1 zonelists in Node order, mobility grouping on.  Total pages: 257913
[    0.000000] Policy zone: DMA32
[    0.000000] Kernel command line: BOOT_IMAGE=/boot/vmlinuz-4.4.0-83-generic root=LABEL=cloudimg-rootfs ro console=tty1 console=ttyS0
[    0.000000] PID hash table entries: 4096 (order: 3, 32768 bytes)
[    0.000000] Memory: 1001788K/1048120K available (8469K kernel code, 1294K rwdata, 3984K rodata, 1488K init, 1316K bss, 46332K reserved, 0K cma-reserved)
[    0.000000] SLUB: HWalign=64, Order=0-3, MinObjects=0, CPUs=2, Nodes=1
[    0.000000] Hierarchical RCU implementation.
[    0.000000] 	Build-time adjustment of leaf fanout to 64.
[    0.000000] 	RCU restricting CPUs from NR_CPUS=512 to nr_cpu_ids=2.
[    0.000000] RCU: Adjusting geometry for rcu_fanout_leaf=64, nr_cpu_ids=2
[    0.000000] NR_IRQS:33024 nr_irqs:440 16
[    0.000000] Console: colour VGA+ 80x25
[    0.000000] console [tty1] enabled
[    0.000000] console [ttyS0] enabled
[    0.000000] tsc: Detected 2494.344 MHz processor
[    0.782676] Calibrating delay loop (skipped) preset value.. 4988.68 BogoMIPS (lpj=9977376)
[    0.787428] pid_max: default: 32768 minimum: 301
[    0.788586] ACPI: Core revision 20150930
[    0.790654] ACPI: 2 ACPI AML tables successfully acquired and loaded
[    0.794320] Security Framework initialized
[    0.796546] Yama: becoming mindful.
[    0.798027] AppArmor: AppArmor initialized
[    0.800811] Dentry cache hash table entries: 131072 (order: 8, 1048576 bytes)
[    0.803046] Inode-cache hash table entries: 65536 (order: 7, 524288 bytes)
[    0.812245] Mount-cache hash table entries: 2048 (order: 2, 16384 bytes)
[    0.821288] Mountpoint-cache hash table entries: 2048 (order: 2, 16384 bytes)
[    0.823223] Initializing cgroup subsys io
[    0.826344] Initializing cgroup subsys memory
[    0.827965] Initializing cgroup subsys devices
[    0.829078] Initializing cgroup subsys freezer
[    0.830336] Initializing cgroup subsys net_cls
[    0.838291] Initializing cgroup subsys perf_event
[    0.839863] Initializing cgroup subsys net_prio
[    0.841387] Initializing cgroup subsys hugetlb
[    0.842800] Initializing cgroup subsys pids
[    0.844388] CPU: Physical Processor ID: 0
[    0.852173] CPU: Processor Core ID: 0
[    0.853847] mce: CPU supports 0 MCE banks
[    0.861297] Last level iTLB entries: 4KB 512, 2MB 8, 4MB 8
[    0.862936] Last level dTLB entries: 4KB 512, 2MB 32, 4MB 32, 1GB 0
[    0.874382] Freeing SMP alternatives memory: 32K (ffffffff820b9000 - ffffffff820c1000)
[    0.896725] ftrace: allocating 32129 entries in 126 pages
[    0.967814] smpboot: APIC(0) Converting physical 0 to logical package 0
[    0.971930] smpboot: Max logical packages: 1
[    0.974629] x2apic enabled
[    0.983480] Switched APIC routing to physical x2apic.
[    0.986684] ..TIMER: vector=0x30 apic1=0 pin1=2 apic2=-1 pin2=-1
[    1.095101] smpboot: CPU0: Intel(R) Core(TM) i5-3210M CPU @ 2.50GHz (family: 0x6, model: 0x3a, stepping: 0x9)
[    1.107989] Performance Events: unsupported p6 CPU model 58 no PMU driver, software events only.
[    1.111129] KVM setup paravirtual spinlock
[    1.113390] x86: Booting SMP configuration:
[    1.118282] .... node  #0, CPUs:      #1
[    1.236107] kvm-clock: cpu 1, msr 0:3ffe3041, secondary cpu clock
[    1.238290] mce: CPU supports 0 MCE banks
[    1.241290] x86: Booted up 1 node, 2 CPUs
[    1.247648] smpboot: Total of 2 processors activated (9977.37 BogoMIPS)
[    1.259209] devtmpfs: initialized
[    1.262482] evm: security.selinux
[    1.264856] evm: security.SMACK64
[    1.281689] evm: security.SMACK64EXEC
[    1.282836] evm: security.SMACK64TRANSMUTE
[    1.286728] evm: security.SMACK64MMAP
[    1.288189] evm: security.ima
[    1.304896] evm: security.capability
[    1.313699] clocksource: jiffies: mask: 0xffffffff max_cycles: 0xffffffff, max_idle_ns: 7645041785100000 ns
[    1.321193] futex hash table entries: 512 (order: 3, 32768 bytes)
[    1.327117] pinctrl core: initialized pinctrl subsystem
[    1.329014] RTC time:  4:04:46, date: 07/14/17
[    1.346423] NET: Registered protocol family 16
[    1.361731] cpuidle: using governor ladder
[    1.389075] cpuidle: using governor menu
[    1.398011] PCCT header not found.
[    1.403259] ACPI: bus type PCI registered
[    1.412128] acpiphp: ACPI Hot Plug PCI Controller Driver version: 0.5
[    1.414044] PCI: Using configuration type 1 for base access
[    1.433750] ACPI: Added _OSI(Module Device)
[    1.448537] ACPI: Added _OSI(Processor Device)
[    1.460770] ACPI: Added _OSI(3.0 _SCP Extensions)
[    1.461741] ACPI: Added _OSI(Processor Aggregator Device)
[    1.463675] ACPI: Executed 1 blocks of module-level executable AML code
[    1.472619] ACPI: Interpreter enabled
[    1.475504] ACPI: (supports S0 S5)
[    1.484313] ACPI: Using IOAPIC for interrupt routing
[    1.503406] PCI: Using host bridge windows from ACPI; if necessary, use "pci=nocrs" and report a bug
[    1.519319] ACPI: PCI Root Bridge [PCI0] (domain 0000 [bus 00-ff])
[    1.529334] acpi PNP0A03:00: _OSC: OS supports [ASPM ClockPM Segments MSI]
[    1.531565] acpi PNP0A03:00: _OSC failed (AE_NOT_FOUND); disabling ASPM
[    1.533515] acpi PNP0A03:00: fail to add MMCONFIG information, can't access extended PCI configuration space under this bridge.
[    1.542712] PCI host bridge to bus 0000:00
[    1.552687] pci_bus 0000:00: root bus resource [io  0x0000-0x0cf7 window]
[    1.560521] pci_bus 0000:00: root bus resource [io  0x0d00-0xffff window]
[    1.562168] pci_bus 0000:00: root bus resource [mem 0x000a0000-0x000bffff window]
[    1.564088] pci_bus 0000:00: root bus resource [mem 0x40000000-0xffdfffff window]
[    1.572630] pci_bus 0000:00: root bus resource [bus 00-ff]
[    3.752547] pci 0000:00:01.1: legacy IDE quirk: reg 0x10: [io  0x01f0-0x01f7]
[    3.767621] pci 0000:00:01.1: legacy IDE quirk: reg 0x14: [io  0x03f6]
[    3.770047] pci 0000:00:01.1: legacy IDE quirk: reg 0x18: [io  0x0170-0x0177]
[    3.777799] pci 0000:00:01.1: legacy IDE quirk: reg 0x1c: [io  0x0376]
[    4.241281] pci 0000:00:07.0: quirk: [io  0x4000-0x403f] claimed by PIIX4 ACPI
[    4.250976] pci 0000:00:07.0: quirk: [io  0x4100-0x410f] claimed by PIIX4 SMB
[    4.276807] ACPI: PCI Interrupt Link [LNKA] (IRQs 5 9 10 *11)
[    4.292504] ACPI: PCI Interrupt Link [LNKB] (IRQs 5 9 10 *11)
[    4.307531] ACPI: PCI Interrupt Link [LNKC] (IRQs 5 9 *10 11)
[    4.310615] ACPI: PCI Interrupt Link [LNKD] (IRQs 5 *9 10 11)
[    4.321220] ACPI: Enabled 2 GPEs in block 00 to 07
[    4.329248] vgaarb: setting as boot device: PCI:0000:00:02.0
[    4.330553] vgaarb: device added: PCI:0000:00:02.0,decodes=io+mem,owns=io+mem,locks=none
[    4.339189] vgaarb: loaded
[    4.353821] vgaarb: bridge control possible 0000:00:02.0
[    4.362758] SCSI subsystem initialized
[    4.363819] ACPI: bus type USB registered
[    4.365087] usbcore: registered new interface driver usbfs
[    4.369982] usbcore: registered new interface driver hub
[    4.371209] usbcore: registered new device driver usb
[    4.372849] PCI: Using ACPI for IRQ routing
[    4.399750] NetLabel: Initializing
[    4.401625] NetLabel:  domain hash size = 128
[    4.409629] NetLabel:  protocols = UNLABELED CIPSOv4
[    4.410828] NetLabel:  unlabeled traffic allowed by default
[    4.412322] amd_nb: Cannot enumerate AMD northbridges
[    4.413595] clocksource: Switched to clocksource kvm-clock
[    4.423941] AppArmor: AppArmor Filesystem Enabled
[    4.427677] pnp: PnP ACPI init
[    4.434791] pnp: PnP ACPI: found 3 devices
[    4.450423] clocksource: acpi_pm: mask: 0xffffff max_cycles: 0xffffff, max_idle_ns: 2085701024 ns
[    4.480323] NET: Registered protocol family 2
[    4.490695] TCP established hash table entries: 8192 (order: 4, 65536 bytes)
[    4.513409] TCP bind hash table entries: 8192 (order: 5, 131072 bytes)
[    4.514909] TCP: Hash tables configured (established 8192 bind 8192)
[    4.521666] UDP hash table entries: 512 (order: 2, 16384 bytes)
[    4.543586] UDP-Lite hash table entries: 512 (order: 2, 16384 bytes)
[    4.571700] NET: Registered protocol family 1
[    4.573093] pci 0000:00:00.0: Limiting direct PCI/PCI transfers
[    4.574985] pci 0000:00:01.0: Activating ISA DMA hang workarounds
[    4.583764] Unpacking initramfs...
[    6.973959] Freeing initrd memory: 10788K (ffff880036ade000 - ffff880037567000)
[    6.982412] RAPL PMU detected, API unit is 2^-32 Joules, 3 fixed counters 10737418240 ms ovfl timer
[    6.995709] hw unit of domain pp0-core 2^-0 Joules
[    7.040534] hw unit of domain package 2^-0 Joules
[    7.042085] hw unit of domain pp1-gpu 2^-0 Joules
[    7.052807] platform rtc_cmos: registered platform RTC device (no PNP device found)
[    7.061618] Scanning for low memory corruption every 60 seconds
[    7.072158] audit: initializing netlink subsys (disabled)
[    7.081440] audit: type=2000 audit(1500005097.194:1): initialized
[    7.085478] Initialise system trusted keyring
[    7.087764] HugeTLB registered 2 MB page size, pre-allocated 0 pages
[    7.093881] zbud: loaded
[    7.101464] VFS: Disk quotas dquot_6.6.0
[    7.104471] VFS: Dquot-cache hash table entries: 512 (order 0, 4096 bytes)
[    7.108295] squashfs: version 4.0 (2009/01/31) Phillip Lougher
[    7.123951] fuse init (API version 7.23)
[    7.132977] Key type big_key registered
[    7.140730] Allocating IMA MOK and blacklist keyrings.
[    7.163757] Key type asymmetric registered
[    7.173906] Asymmetric key parser 'x509' registered
[    7.181747] Block layer SCSI generic (bsg) driver version 0.4 loaded (major 249)
[    7.202660] io scheduler noop registered
[    7.232421] io scheduler deadline registered (default)
[    7.234074] io scheduler cfq registered
[    7.239533] pci_hotplug: PCI Hot Plug PCI Core version: 0.5
[    7.251021] pciehp: PCI Express Hot Plug Controller Driver version: 0.4
[    7.252724] ACPI: AC Adapter [AC] (off-line)
[    7.253955] input: Power Button as /devices/LNXSYSTM:00/LNXPWRBN:00/input/input0
[    7.255846] ACPI: Power Button [PWRF]
[    7.257491] input: Sleep Button as /devices/LNXSYSTM:00/LNXSLPBN:00/input/input1
[    7.259161] ACPI: Sleep Button [SLPF]
[    7.260457] GHES: HEST is not enabled!
[    7.261552] ACPI: Battery Slot [BAT0] (battery present)
[    7.263212] Serial: 8250/16550 driver, 32 ports, IRQ sharing enabled
[    7.287619] 00:02: ttyS0 at I/O 0x3f8 (irq = 4, base_baud = 115200) is a 16550A
[    7.302675] Linux agpgart interface v0.103
[    7.313519] loop: module loaded
[    7.318809] scsi host0: ata_piix
[    7.328857] scsi host1: ata_piix
[    7.334048] ata1: PATA max UDMA/33 cmd 0x1f0 ctl 0x3f6 bmdma 0xd000 irq 14
[    7.345830] ata2: PATA max UDMA/33 cmd 0x170 ctl 0x376 bmdma 0xd008 irq 15
[    7.402112] libphy: Fixed MDIO Bus: probed
[    7.403276] tun: Universal TUN/TAP device driver, 1.6
[    7.404965] tun: (C) 1999-2004 Max Krasnyansky <maxk@qualcomm.com>
[    7.406637] PPP generic driver version 2.4.2
[    7.408054] ehci_hcd: USB 2.0 'Enhanced' Host Controller (EHCI) Driver
[    7.409658] ehci-pci: EHCI PCI platform driver
[    7.410911] ehci-platform: EHCI generic platform driver
[    7.412304] ohci_hcd: USB 1.1 'Open' Host Controller (OHCI) Driver
[    7.413868] ohci-pci: OHCI PCI platform driver
[    7.415436] ohci-platform: OHCI generic platform driver
[    7.416968] uhci_hcd: USB Universal Host Controller Interface driver
[    7.418919] i8042: PNP: PS/2 Controller [PNP0303:PS2K,PNP0f03:PS2M] at 0x60,0x64 irq 1,12
[    7.422244] serio: i8042 KBD port at 0x60,0x64 irq 1
[    7.423538] serio: i8042 AUX port at 0x60,0x64 irq 12
[    7.425372] mousedev: PS/2 mouse device common for all mice
[    7.427331] rtc_cmos rtc_cmos: rtc core: registered rtc_cmos as rtc0
[    7.428959] rtc_cmos rtc_cmos: alarms up to one day, 114 bytes nvram
[    7.430591] i2c /dev entries driver
[    7.431748] device-mapper: uevent: version 1.0.3
[    7.433044] device-mapper: ioctl: 4.34.0-ioctl (2015-10-28) initialised: dm-devel@redhat.com
[    7.435780] ledtrig-cpu: registered to indicate activity on CPUs
[    7.437986] NET: Registered protocol family 10
[    7.439412] NET: Registered protocol family 17
[    7.440603] Key type dns_resolver registered
[    7.465822] microcode: CPU0 sig=0x306a9, pf=0x2, revision=0x19
[    7.468000] microcode: CPU1 sig=0x306a9, pf=0x2, revision=0x19
[    7.577923] microcode: Microcode Update Driver: v2.01 <tigran@aivazian.fsnet.co.uk>, Peter Oruba
[    7.596127] input: AT Translated Set 2 keyboard as /devices/platform/i8042/serio0/input/input2
[    7.622485] registered taskstats version 1
[    7.625765] Loading compiled-in X.509 certificates
[    7.627613] Loaded X.509 cert 'Build time autogenerated kernel key: 35105354eb779045e4d9ad793dead39d5ee93f76'
[    7.649080] zswap: loaded using pool lzo/zbud
[    7.663656] Key type trusted registered
[    7.684888] Key type encrypted registered
[    7.698360] AppArmor: AppArmor sha1 policy hashing enabled
[    7.699667] ima: No TPM chip found, activating TPM-bypass!
[    7.702577] evm: HMAC attrs: 0x1
[    7.703963]   Magic number: 9:990:59
[    7.705032] rtc_cmos rtc_cmos: setting system clock to 2017-07-14 04:04:52 UTC (1500005092)
[    7.707360] BIOS EDD facility v0.16 2004-Jun-25, 0 devices found
[    7.741511] EDD information not available.
[    7.744063] Freeing unused kernel memory: 1488K (ffffffff81f45000 - ffffffff820b9000)
[    7.751996] Write protecting the kernel read-only data: 14336k
[    7.760618] Freeing unused kernel memory: 1760K (ffff880001848000 - ffff880001a00000)
[    7.772959] Freeing unused kernel memory: 112K (ffff880001de4000 - ffff880001e00000)
Loading, please wait...
starting version[    7.797512] random: systemd-udevd: uninitialized urandom read (16 bytes read, 2 bits of entropy available)
 229
[    7.798719] random: udevadm: uninitialized urandom read (16 bytes read, 2 bits of entropy available)
[    7.798810] random: udevadm: uninitialized urandom read (16 bytes read, 2 bits of entropy available)
[    7.799037] random: udevadm: uninitialized urandom read (16 bytes read, 2 bits of entropy available)
[    7.799125] random: udevadm: uninitialized urandom read (16 bytes read, 2 bits of entropy available)
[    7.799209] random: udevadm: uninitialized urandom read (16 bytes read, 2 bits of entropy available)
[    7.799318] random: udevadm: uninitialized urandom read (16 bytes read, 2 bits of entropy available)
[    7.799406] random: udevadm: uninitialized urandom read (16 bytes read, 2 bits of entropy available)
[    7.799487] random: udevadm: uninitialized urandom read (16 bytes read, 2 bits of entropy available)
[    7.799568] random: udevadm: uninitialized urandom read (16 bytes read, 2 bits of entropy available)
[    7.898178] e1000: Intel(R) PRO/1000 Network Driver - version 7.3.21-k8-NAPI
[    7.916399] e1000: Copyright (c) 1999-2006 Intel Corporation.
[    8.034675] Fusion MPT base driver 3.04.20
[    8.036067] Copyright (c) 1999-2008 LSI Corporation
[    8.038410] AVX version of gcm_enc/dec engaged.
[    8.042279] AES CTR mode by8 optimization enabled
[    8.057337] tsc: Refined TSC clocksource calibration: 2496.775 MHz
[    8.058856] clocksource: tsc: mask: 0xffffffffffffffff max_cycles: 0x23fd5300eda, max_idle_ns: 440795208766 ns
[    8.080224] Fusion MPT SPI Host driver 3.04.20
[    8.310052] input: ImExPS/2 Generic Explorer Mouse as /devices/platform/i8042/serio1/input/input4
[    8.485249] e1000 0000:00:03.0 eth0: (PCI:33MHz:32-bit) 02:6e:aa:4e:78:a9
[    8.505105] e1000 0000:00:03.0 eth0: Intel(R) PRO/1000 Network Connection
[    8.522531] mptbase: ioc0: Initiating bringup
[    8.598170] ioc0: LSI53C1030 A0: Capabilities={Initiator}
[    8.767852] scsi host2: ioc0: LSI53C1030 A0, FwRev=00000000h, Ports=1, MaxQ=256, IRQ=20
[    8.898504] scsi 2:0:0:0: Direct-Access     VBOX     HARDDISK         1.0  PQ: 0 ANSI: 5
[    8.918514] scsi target2:0:0: Beginning Domain Validation
[    8.921076] scsi target2:0:0: Domain Validation skipping write tests
[    8.940070] scsi target2:0:0: Ending Domain Validation
[    8.950994] scsi target2:0:0: asynchronous
[    8.958096] scsi 2:0:1:0: Direct-Access     VBOX     HARDDISK         1.0  PQ: 0 ANSI: 5
[    8.967513] scsi target2:0:1: Beginning Domain Validation
[    8.973258] scsi target2:0:1: Domain Validation skipping write tests
[    8.996285] scsi target2:0:1: Ending Domain Validation
[    9.003554] scsi target2:0:1: asynchronous
[    9.019554] sd 2:0:0:0: Attached scsi generic sg0 type 0
[    9.029987] sd 2:0:0:0: [sda] 20971520 512-byte logical blocks: (10.7 GB/10.0 GiB)
[    9.041465] sd 2:0:1:0: [sdb] 20480 512-byte logical blocks: (10.5 MB/10.0 MiB)
[    9.047377] sd 2:0:1:0: [sdb] Write Protect is off
[    9.071525] sd 2:0:1:0: Attached scsi generic sg1 type 0
[    9.082000] sd 2:0:0:0: [sda] Write Protect is off
[    9.091460] sd 2:0:0:0: [sda] Incomplete mode parameter data
[    9.111427] sd 2:0:0:0: [sda] Assuming drive cache: write through
[    9.113146] sd 2:0:1:0: [sdb] Incomplete mode parameter data
[    9.114614] sd 2:0:1:0: [sdb] Assuming drive cache: write through
[    9.196508]  sda: sda1
[    9.204637] sd 2:0:0:0: [sda] Attached SCSI disk
[    9.226669] sd 2:0:1:0: [sdb] Attached SCSI disk
[    9.309400] e1000 0000:00:08.0 eth1: (PCI:33MHz:32-bit) 08:00:27:2f:02:cb
[    9.319964] e1000 0000:00:08.0 eth1: Intel(R) PRO/1000 Network Connection
[    9.322858] e1000 0000:00:08.0 enp0s8: renamed from eth1
[    9.354367] e1000 0000:00:03.0 enp0s3: renamed from eth0
[   10.926311] floppy0: no floppy controllers found
Begin: Loading essential drivers[   12.443732] md: linear personality registered for level -1
 ... [   12.471965] md: multipath personality registered for level -4
[   12.484455] md: raid0 personality registered for level 0
[   12.495399] md: raid1 personality registered for level 1
[   12.581629] raid6: sse2x1   gen()  6363 MB/s
[   12.653909] raid6: sse2x1   xor()  4527 MB/s
[   12.757930] raid6: sse2x2   gen()  7920 MB/s
[   12.829918] raid6: sse2x2   xor()  5686 MB/s
[   12.905613] raid6: sse2x4   gen()  8400 MB/s
[   12.993965] raid6: sse2x4   xor()  4622 MB/s
[   13.002667] raid6: using algorithm sse2x4 gen() 8400 MB/s
[   13.004154] raid6: .... xor() 4622 MB/s, rmw enabled
[   13.006649] raid6: using ssse3x2 recovery algorithm
[   13.009266] xor: automatically using best checksumming function:
[   13.065963]    avx       : 15689.000 MB/sec
[   13.088287] async_tx: api initialized (async)
[   13.097898] md: raid6 personality registered for level 6
[   13.100713] md: raid5 personality registered for level 5
[   13.103465] md: raid4 personality registered for level 4
[   13.112288] md: raid10 personality registered for level 10
done.
Begin: Running /scripts/init-premount ... done.
Begin: Mounting root file system ... Begin: Running /scripts/local-top ... done.
Begin: Running /scripts/local-premount ... [   13.153648] Btrfs loaded
Scanning for Btrfs filesystems
done.
Warning: fsck not present, so skipping root file system
[   13.367629] EXT4-fs (sda1): mounted filesystem with ordered data mode. Opts: (null)
done.
Begin: Running /scripts/local-bottom ... done.
Begin: Running /scripts/init-bottom ... done.
[   14.155867] random: nonblocking pool is initialized
[   14.696266] systemd[1]: systemd 229 running in system mode. (+PAM +AUDIT +SELINUX +IMA +APPARMOR +SMACK +SYSVINIT +UTMP +LIBCRYPTSETUP +GCRYPT +GNUTLS +ACL +XZ -LZ4 +SECCOMP +BLKID +ELFUTILS +KMOD -IDN)
[   14.719725] systemd[1]: Detected virtualization oracle.
[   14.738911] systemd[1]: Detected architecture x86-64.

Welcome to [1mUbuntu 16.04.2 LTS[0m!

[   14.838075] systemd[1]: Set hostname to <ubuntu>.
[   14.895270] systemd[1]: Initializing machine ID from random generator.
[   14.923544] systemd[1]: Installed transient /etc/machine-id file.
[   17.433615] systemd[1]: Set up automount Arbitrary Executable File Formats File System Automount Point.
[[0;32m  OK  [0m] Set up automount Arbitrary Executab...ats File System Automount Point.
[   17.521307] systemd[1]: Reached target Swap.
[[0;32m  OK  [0m] Reached target Swap.
[   17.549499] systemd[1]: Listening on udev Control Socket.
[[0;32m  OK  [0m] Listening on udev Control Socket.
[   17.574075] systemd[1]: Reached target User and Group Name Lookups.
[[0;32m  OK  [0m] Reached target User and Group Name Lookups.
[   17.577887] systemd[1]: Created slice User and Session Slice.
[[0;32m  OK  [0m] Created slice User and Session Slice.
[   17.598211] systemd[1]: Started Forward Password Requests to Wall Directory Watch.
[[0;32m  OK  [0m] Started Forward Password Requests to Wall Directory Watch.
[   17.669917] systemd[1]: Listening on /dev/initctl Compatibility Named Pipe.
[[0;32m  OK  [0m] Listening on /dev/initctl Compatibility Named Pipe.
[   17.673111] systemd[1]: Listening on Journal Socket.
[[0;32m  OK  [0m] Listening on Journal Socket.
[   17.675743] systemd[1]: Listening on Device-mapper event daemon FIFOs.
[[0;32m  OK  [0m] Listening on Device-mapper event daemon FIFOs.
[   17.683515] systemd[1]: Listening on udev Kernel Socket.
[[0;32m  OK  [0m] Listening on udev Kernel Socket.
[   17.698904] systemd[1]: Listening on LVM2 metadata daemon socket.
[[0;32m  OK  [0m] Listening on LVM2 metadata daemon socket.
[   17.701835] systemd[1]: Listening on LVM2 poll daemon socket.
[[0;32m  OK  [0m] Listening on LVM2 poll daemon socket.
[   17.712080] systemd[1]: Reached target Encrypted Volumes.
[[0;32m  OK  [0m] Reached target Encrypted Volumes.
[   17.719498] systemd[1]: Started Trigger resolvconf update for networkd DNS.
[[0;32m  OK  [0m] Started Trigger resolvconf update for networkd DNS.
[   17.722958] systemd[1]: Created slice System Slice.
[[0;32m  OK  [0m] Created slice System Slice.
[   17.786310] systemd[1]: Starting Load Kernel Modules...
         Starting Load Kernel Modules...
[   17.800083] systemd[1]: Starting Nameserver information manager...
         Starting Nameserver information manager...
[   17.873949] systemd[1]: Mounting POSIX Message Queue File System...
         Mounting POSIX Message Queue File System...
[   17.890228] systemd[1]: Starting Set console keymap...
         Starting Set console keymap...
[   17.893906] systemd[1]: Starting Remount Root and Kernel File Systems...
         Starting Remount Root and Kernel File Systems...
[   17.970719] systemd[1]: Mounting Huge Pages File System...
         [   17.979150] Loading iSCSI transport class v2.0-870.
Mounting Huge Pages File System...
[   17.983580] systemd[1]: Starting Uncomplicated firewall...
         Starting Uncomplicated firewall...
[   17.992758] systemd[1]: Reached target Slices.
[[0;32m  OK  [0m] Reached target S[   18.029033] EXT4-fs (sda1): re-mounted. Opts: (null)
lices.
[   18.048059] systemd[1]: Mounting Debug File System...
         Mounting Debug File System...
[   18.062344] systemd[1]: Created slice system-serial\x2dgetty.slice.
[[0;32m  OK  [0m] Created slice system-serial\x2dgetty.slice.
[   18.090895] systemd[1]: Starting Create list of required static device nodes for the current kernel...
         Starting Create list of required st... nodes for the current kernel...
[   18.161292] systemd[1]: Listening on Journal Socket (/dev/log).
[[0;32m  OK  [0m] Listening on Journal Socket (/dev/log).
[   18.171784] iscsi: registered transport (tcp)
[   18.190902] systemd[1]: Starting Monitoring of LVM2 mirrors, snapshots etc. using dmeventd or progress polling...
         Starting Monitoring of LVM2 mirrors... dmeventd or progress polling...
[   18.234982] systemd[1]: Listening on Journal Audit Socket.
[[0;32m  OK  [0m] Listening on Journal Audit Socket.
[   18.237988] systemd[1]: Listening on Syslog Socket.
[[0;32m  OK  [0m] Listening on Syslog Socket.
[   18.266437] systemd[1]: Starting Journal Service...
         Starting Journal Service...
[   18.295138] systemd[1]: Mounted Huge Pages File System.
[[0;32m  OK  [0m] Mounted Huge Pages File System.
[   18.298593] systemd[1]: Mounted POSIX Message Queue File System.
[[0;32m  OK  [0m] Mounted POSIX Message Queue File System.
[   18.302115] systemd[1]: Mounted Debug File System.
[[0;32m  OK  [0m] Mounted Debug File System.
[   18.307862] systemd[1]: Started Remount Root and Kernel File Systems.
[[0;32m  OK  [0m] Started Remount Root and Kernel File Systems.
[   18.343101] systemd[1]: Started Set console keymap.
[[0;32m  OK  [0m] Started Set console keymap.
[   18.354877] systemd[1]: Started Uncomplicated firewall.
[[0;32m  OK  [0m] Started Uncomplicated firewall.
[   18.363246] systemd[1]: Started Create list of required static device nodes for the current kernel.
[[0;32m  OK  [0m] Started Create list of required sta...ce nodes for the current kernel.
[   18.458028] systemd[1]: Started Nameserver information manager.
[[0;32m  OK  [0m] Started Nameserver information manager.
[   18.526531] systemd[1]: Starting Create Static Device Nodes in /dev...
         Starting Create Static Device Nodes in /dev...
[   18.549570] systemd[1]: Starting Load/Save Random Seed...
         Starting Load/Save Random Seed...
[   18.774457] systemd[1]: Starting udev Coldplug all Devices...
         Starting udev Coldplug all Devices...
[   18.834522] systemd[1]: Starting Initial cloud-init job (pre-networking)...
         Starting Initial cloud-init job (pre-networking)...
[   19.939397] systemd[1]: Started Load/Save Random Seed.
[[0;32m  OK  [0m] Started Load/Save Random Seed.
[   20.002038] systemd[1]: Started LVM2 metadata daemon.
[[0;32m  OK  [0m] Started LVM2 metadata daemon.
[   20.064222] systemd[1]: Started udev Coldplug all Devices.
[[0;32m  OK  [0m] Started udev Coldplug all Devices.
[   20.094378] systemd[1]: Started Journal Service.
[[0;32m  OK  [0m] Started Journal Service.
         Starting Flush Journal to Persistent Storage...
[   20.211840] iscsi: registered transport (iser)
[[0;32m  OK  [0m] Started Load Kernel Modules.
         Mounting FUSE Control File System...
         Starting Apply Kernel Variables...
[[0;32m  OK  [0m] Mounted FUSE Control File System.
[   20.293870] systemd-journald[403]: Received request to flush runtime journal from PID 1
[[0;32m  OK  [0m] Started Flush Journal to Persistent Storage.
[[0;32m  OK  [0m] Started Monitoring of LVM2 mirrors,...ng dmeventd or progress polling.
[[0;32m  OK  [0m] Started Apply Kernel Variables.
[[0;32m  OK  [0m] Started Create Static Device Nodes in /dev.
         Starting udev Kernel Device Manager...
[[0;32m  OK  [0m] Started udev Kernel Device Manager.
[[0;32m  OK  [0m] Reached target Local File Systems (Pre).
[[0;32m  OK  [0m] Reached target Local File Systems.
         Starting Set console font and keymap...
         Starting Tell Plymouth To Write Out Runtime Data...
         Starting Create Volatile Files and Directories...
         Starting LSB: AppArmor initialization...
         Starting Commit a transient machine-id on disk...
[[0;32m  OK  [0m] Started Dispatch Password Requests to Console Directory Watch.
[[0;32m  OK  [0m] Started Commit a transient machine-id on disk.
[[0;32m  OK  [0m] Started Create Volatile Files and Directories.
[[0;32m  OK  [0m] Reached target System Time Synchronized.
         Starting Update UTMP about System Boot/Shutdown...
[[0;32m  OK  [0m] Started Tell Plymouth To Write Out Runtime Data.
[[0;32m  OK  [0m] Found device /dev/ttyS0.
[[0;32m  OK  [0m] Started Update UTMP about System Boot/Shutdown.
[[0;32m  OK  [0m] Started Set console font and keymap.
[[0;32m  OK  [0m] Created slice system-getty.slice.
[[0;32m  OK  [0m] Listening on Load/Save RF Kill Switch Status /dev/rfkill Watch.
[[0;32m  OK  [0m] Started LSB: AppArmor initialization.
[   38.599453] cloud-init[433]: Cloud-init v. 0.7.9 running 'init-local' at Fri, 14 Jul 2017 04:05:24 +0000. Up 35.56 seconds.
[[0;32m  OK  [0m] Started Initial cloud-init job (pre-networking).
[[0;32m  OK  [0m] Reached target Network (Pre).
         Starting Raise network interfaces...
[[0;32m  OK  [0m] Started Raise network interfaces.
         Starting Initial cloud-init job (metadata service crawler)...
[[0;32m  OK  [0m] Reached target Network.
[   50.696945] cloud-init[947]: Cloud-init v. 0.7.9 running 'init' at Fri, 14 Jul 2017 04:05:31 +0000. Up 42.67 seconds.
[   50.770721] cloud-init[947]: ci-info: ++++++++++++++++++++++++++++++++++++++Net device info++++++++++++++++++++++++++++++++++++++
[   50.804860] cloud-init[947]: ci-info: +--------+-------+----------------------------+---------------+-------+-------------------+
[   50.805335] cloud-init[947]: ci-info: | Device |   Up  |          Address           |      Mask     | Scope |     Hw-Address    |
[[0;32m  OK  [0m] Started Initial cloud-init job (metadata service crawler).
[   50.805577] cloud-init[947]: ci-info: +--------+-------+----------------------------+---------------+-------+-------------------+
[   50.949448] cloud-init[947]: ci-info: | enp0s8 | False |             .              |       .       |   .   | 08:00:27:2f:02:cb |
[   50.949791] cloud-init[947]: ci-info: |   lo   |  True |         127.0.0.1          |   255.0.0.0   |   .   |         .         |
[   50.950785] cloud-init[947]: ci-info: |   lo   |  True |          ::1/128           |       .       |  host |         .         |
[[0;32m  OK  [0m] Reached target Network is Online.
[   50.951263] cloud-init[947]: ci-info: | enp0s3 |  True |         10.0.2.15          | 255.255.255.0 |   .   | 02:6e:aa:4e:78:a9 |
[   51.024315] cloud-init[947]: ci-info: | enp0s3 |  True | fe80::6e:aaff:fe4e:78a9/64 |       .       |  link | 02:6e:aa:4e:78:a9 |
[   51.024566] cloud-init[947]: ci-info: +--------+-------+----------------------------+---------------+-------+-------------------+
         Starting iSCSI initiator daemon (iscsid)...
[   51.025222] cloud-init[947]: ci-info: +++++++++++++++++++++++++++Route IPv4 info++++++++++++++++++++++++++++
[   51.156998] cloud-init[947]: ci-info: +-------+-------------+----------+---------------+-----------+-------+
[[0;32m  OK  [0m] Reached target Cloud-config availability.
[   51.157125] cloud-init[947]: ci-info: | Route | Destination | Gateway  |    Genmask    | Interface | Flags |
[   51.217029] cloud-init[947]: ci-info: +-------+-------------+----------+---------------+-----------+-------+
[[0;32m  OK  [0m] Reached target System Initialization.
[[   51.217244] cloud-init[947]: ci-info: |   0   |   0.0.0.0   | 10.0.2.2 |    0.0.0.0    |   enp0s3  |   UG  |
[   51.290439] cloud-init[947]: ci-info: |   1   |   10.0.2.0  | 0.0.0.0  | 255.255.255.0 |   enp0s3  |   U   |
[0;32m  OK  [0m] Listening on UUID daemon activation socket.
[[   51.290542] cloud-init[947]: ci-info: +-------+-------------+----------+---------------+-----------+-------+
[   51.336908] cloud-init[947]: Generating public/private rsa key pair.
[0;32m  OK  [0m] Listening on ACPID Listen Socket.
         Starting Socket activation for snappy daemon.
[   51.337023] cloud-init[947]: Your identification has been saved in /etc/ssh/ssh_host_rsa_key.
[[0;32m  OK  [0m] Started Daily apt activities.
[   51.459618] cloud-init[947]: Your public key has been saved in /etc/ssh/ssh_host_rsa_key.pub.
[   51.464845] cloud-init[947]: The key fingerprint is:
[   51.491700] cloud-init[947]: SHA256:Sgz8hek+kUbI9PaaIo+88eDc4f0PXFZejTbqHotJZFE root@ubuntu-xenial
[   51.498549] cloud-init[947]: The key's randomart image is:
         Starting LXD - unix socket.
[[0;32m  OK  [0m[   51.528310] cloud-init[947]: +---[RSA 2048]----+
[   51.557865] cloud-init[947]: |    .       E    |
[   51.558217] cloud-init[947]: |   + o o   .   o |
[   51.558299] cloud-init[947]: |    = * . . . = .|
[   51.558758] cloud-init[947]: |     B +   + + . |
[   51.558840] cloud-init[947]: |      O S = o    |
[   51.558918] cloud-init[947]: |     + * = .     |
[   51.559011] cloud-init[947]: |  + o * o . o    |
[   51.559090] cloud-init[947]: | + X + . o + o   |
[   51.559168] cloud-init[947]: |  *.= ....+ o    |
[   51.559244] cloud-init[947]: +----[SHA256]-----+
[   51.559321] cloud-init[947]: Generating public/private dsa key pair.
[   51.559398] cloud-init[947]: Your identification has been saved in /etc/ssh/ssh_host_dsa_key.
[   51.559474] cloud-init[947]: Your public key has been saved in /etc/ssh/ssh_host_dsa_key.pub.
[   51.559575] cloud-init[947]: The key fingerprint is:
[   51.559660] cloud-init[947]: SHA256:QWcAgzcpd3P0+rb2vzLtxtyjb8u/z6TDnuaopdMi7xU root@ubuntu-xenial
[   51.559737] cloud-init[947]: The key's randomart image is:
[   51.559814] cloud-init[947]: +---[DSA 1024]----+
[   51.559888] cloud-init[947]: |     .oooo+      |
[   51.559965] cloud-init[947]: |    o =ooo..     |
[   51.560063] cloud-init[947]: |     + o.o  .    |
[   51.560139] cloud-init[947]: |         . .     |
[   51.560217] cloud-init[947]: |        S . E    |
[   51.560292] cloud-init[947]: |           . .   |
[   51.560382] cloud-init[947]: |           .=.+ o|
[   51.560452] cloud-init[947]: |        . o=o==%.|
] Started Timer to automatically refresh installed snaps.
[   51.560657] cloud-init[947]: |         +==o*#X%|
[   51.723830] cloud-init[947]: +----[SHA256]-----+
[   51.728684] cloud-init[947]: Generating public/private ecdsa key pair.
[   51.737858] cloud-init[947]: Your identification has been saved in /etc/ssh/ssh_host_ecdsa_key.
[[0;32m  OK  [0m] Started ACPI Events Check.
[[0;32m  OK  [0m] Reached target Paths.
[   51.768498] cloud-init[947]: Your public key has been saved in /etc/ssh/ssh_host_ecdsa_key.pub.
[   51.774870] cloud-init[947]: The key fingerprint is:
[   51.782365] cloud-init[947]: SHA256:P+PLCjMaD9AVmnnSjYe5yRzd52ZYwdkjTYYozWFC+KU root@ubuntu-xenial
[   51.790328] cloud-init[947]: The key's randomart image is:
[   51.793565] cloud-init[947]: +---[ECDSA 256]---+
[   51.820276] cloud-init[947]: |      .oooo+.*o  |
[   51.822701] cloud-init[947]: |     =.B.+= =o+  |
[[0;32m  OK  [0m] Listening on D-Bus System Message Bus Socket.
[[0;32m  OK  [0m] Started Daily Cleanup of Temporary Directories.
[[0;32m  OK  [0m] Reached target Timers.
[   51.855424] cloud-init[947]: |    = O.++. o. . |
[[0;32m  OK  [0m] Listening on Socket activation for snappy daemon.
[[0;32m  OK  [0m] Listening on LXD - unix socket.
[   51.858383] cloud-init[947]: |   . * =E  =     |
[   51.866671] cloud-init[947]: |  . . = S . +    |
[   51.882661] cloud-init[947]: |   .     . o     |
[   51.886146] cloud-init[947]: |    o +   +      |
[   51.907623] cloud-init[947]: |     = + o o     |
[   51.934166] cloud-init[947]: |    . . ..+.     |
[   51.937524] cloud-init[947]: +----[SHA256]-----+
[[0;32m  OK  [0m] Reached target Sockets.
[   51.968123] cloud-init[947]: Generating public/private ed25519 key pair.
[   51.974556] cloud-init[947]: Your identification has been saved in /etc/ssh/ssh_host_ed25519_key.
[   51.978017] cloud-init[947]: Your public key has been saved in /etc/ssh/ssh_host_ed25519_key.pub.
[   51.992465] cloud-init[947]: The key fingerprint is:
[   51.992834] cloud-init[947]: SHA256:g7YqrehfmHENJnb0jJSNo5STw6WQPvmGvx2PHPAHouE root@ubuntu-xenial
[   51.993148] cloud-init[947]: The key's randomart image is:
[   51.993428] cloud-init[947]: +--[ED25519 256]--+
[   51.993734] cloud-init[947]: | .o +++          |
[   51.994017] cloud-init[947]: | ..B+++.         |
[   51.994322] cloud-init[947]: |. o++=.o         |
[[0;32m  OK  [0m] Reached target Basic System.
[   51.995114] cloud-init[947]: | +..+ o.         |
[   52.096993] cloud-init[947]: | .++ oo.S        |
[   52.097337] cloud-init[947]: |..ooO... .       |
         Starting Apply the settings specified in cloud-config...
[   52.097543] cloud-init[947]: | Eo+ =..         |
[   52.133003] cloud-init[947]: | ...=.*          |
[   52.148646] cloud-init[947]: |o.o=o+ .         |
[   52.149159] cloud-init[947]: +----[SHA256]-----+
         Starting /etc/rc.local Compatibility...
[[0;32m  OK  [0m] Started Regular background program processing daemon.
         Starting LSB: MD monitoring daemon...
         Starting System Logging Service...
         Starting Accounts Service...
[[0;32m  OK  [0m] Started D-Bus System Message Bus.
[   53.443685] cloud-init[1042]: Generating locales (this might take a while)...
[[0;32m  OK  [0m] Started Deferred execution scheduler.
         Starting LSB: Record successful boot for GRUB...
         Starting LXD - container startup/shutdown...
[[0;32m  OK  [0m] Started FUSE filesystem for LXC.
         Starting Login Service...
[[0;32m  OK  [0m] Started Unattended Upgrades Shutdown.
         Starting Pollinate to seed the pseudo random number generator...
[[0;32m  OK  [0m] Started ACPI event daemon.
[[0;32m  OK  [0m] Started Snappy daemon.
         Starting Auto import assertions from block devices...
[[0;32m  OK  [0m] Started System Logging Service.
[[0;32m  OK  [0m] Started iSCSI initiator daemon (iscsid).
[[0;32m  OK  [0m] Started /etc/rc.local Compatibility.
[[0;32m  OK  [0m] Started Auto import assertions from block devices.
         Starting Login to default iSCSI targets...
[[0;32m  OK  [0m] Started Login Service.
[[0;32m  OK  [0m] Started LSB: MD monitoring daemon.
[[0;32m  OK  [0m] Started LSB: Record successful boot for GRUB.
         Starting Authenticate and Authorize Users to Run Privileged Tasks...
[[0;32m  OK  [0m] Started Login to default iSCSI targets.
[[0;32m  OK  [0m] Reached target Remote File Systems (Pre).
[[0;32m  OK  [0m] Reached target Remote File Systems.
         Starting LSB: automatic crash report generation...
         Starting LSB: VirtualBox Linux Additions...
         Starting Permit User Sessions...
         Starting LSB: daemon to balance interrupts for SMP systems...
         Starting LSB: Set the CPU Frequency Scaling governor to "ondemand"...
[[0;32m  OK  [0m] Started LSB: Set the CPU Frequency Scaling governor to "ondemand".
[[0;32m  OK  [0m] Started Permit User Sessions.
         Starting Hold until boot process finishes up...
         Starting Terminate Plymouth Boot Screen...
[[0;32m  OK  [0m] Started LSB: automatic crash report generation.
[[0;32m  OK  [0m] Started Hold until boot process finishes up.
[[0;32m  OK  [0m] Started Terminate Plymouth Boot Screen.
[[0;32m  OK  [0m] Started Serial Getty on ttyS0.
         Starting Set console scheme...
[[0;32m  OK  [0m] Started Getty on tty1.
[[0;32m  OK  [0m] Reached target Login Prompts.
[[0;32m  OK  [0m] Started LSB: daemon to balance interrupts for SMP systems.
[[0;32m  OK  [0m] Started Set console scheme.
[[0;32m  OK  [0m] Started Authenticate and Authorize Users to Run Privileged Tasks.
[[0;32m  OK  [0m] Started Accounts Service.
[   63.781134] cloud-init[1042]:   en_US.UTF-8... done
[   63.837422] cloud-init[1042]: Generation complete.
[[0;32m  OK  [0m] Started LSB: VirtualBox Linux Additions.

Ubuntu 16.04.2 LTS ubuntu-xenial ttyS0

ubuntu-xenial login: [   79.153653] cloud-init[1042]: Cloud-init v. 0.7.9 running 'modules:config' at Fri, 14 Jul 2017 04:05:41 +0000. Up 52.62 seconds.
ci-info: no authorized ssh keys fingerprints found for user ubuntu.
<14>Jul 14 04:06:10 ec2: 
<14>Jul 14 04:06:10 ec2: #############################################################
<14>Jul 14 04:06:10 ec2: -----BEGIN SSH HOST KEY FINGERPRINTS-----
<14>Jul 14 04:06:10 ec2: 1024 SHA256:QWcAgzcpd3P0+rb2vzLtxtyjb8u/z6TDnuaopdMi7xU root@ubuntu-xenial (DSA)
<14>Jul 14 04:06:10 ec2: 256 SHA256:P+PLCjMaD9AVmnnSjYe5yRzd52ZYwdkjTYYozWFC+KU root@ubuntu-xenial (ECDSA)
<14>Jul 14 04:06:10 ec2: 256 SHA256:g7YqrehfmHENJnb0jJSNo5STw6WQPvmGvx2PHPAHouE root@ubuntu-xenial (ED25519)
<14>Jul 14 04:06:10 ec2: 2048 SHA256:Sgz8hek+kUbI9PaaIo+88eDc4f0PXFZejTbqHotJZFE root@ubuntu-xenial (RSA)
<14>Jul 14 04:06:10 ec2: -----END SSH HOST KEY FINGERPRINTS-----
<14>Jul 14 04:06:10 ec2: #############################################################
-----BEGIN SSH HOST KEY KEYS-----
ecdsa-sha2-nistp256 AAAAE2VjZHNhLXNoYTItbmlzdHAyNTYAAAAIbmlzdHAyNTYAAABBBGpyYgIabUgydqlzfCg9GdHmJe52cpGr6MdhQJAKwu2dSVZUmEcLu9BiKBy0+c3zh2xn/fRv8hX5h7vuq2XXvBs= root@ubuntu-xenial
ssh-ed25519 AAAAC3NzaC1lZDI1NTE5AAAAIOdMnKscJlo3kGbyEZNEfr8mfiHcGvV2V6HYZiBnAYbU root@ubuntu-xenial
ssh-rsa AAAAB3NzaC1yc2EAAAADAQABAAABAQC6dQaPW+WaHFftYEBZMFkVCEvmPwq/fFQwo1iZ6mfGtY86OdAfgn8xaxYxC74oa8SLF3P+EHbXw+ppcLyyIYZu3zrT9TOUq696Vwg/4eEfLr+PP+s1Ax/e0A8eLttjhnJcIakAPX7GhD+m/+OR/q8W6svekL+huJGv6u06u9qo7+7A50qQyXPE43ZGYY2J5jEuDMcycNTWJrq5neE89lMcU40XaHEIHLeCj4VDbSGHdyiH9hRuUW08vP+OvOQWYPKq89HKz6j5p6DXqkERZAWf8u0g/WTSq8Uc0wOxTufvFgY1GHJVOJPM9+oJ89nrNoAHpGJQmTNXaO08Ynu+T721 root@ubuntu-xenial
-----END SSH HOST KEY KEYS-----
[   81.714392] cloud-init[1318]: Cloud-init v. 0.7.9 running 'modules:final' at Fri, 14 Jul 2017 04:06:08 +0000. Up 79.67 seconds.
[   81.714655] cloud-init[1318]: ci-info: no authorized ssh keys fingerprints found for user ubuntu.
[   81.714776] cloud-init[1318]: Cloud-init v. 0.7.9 finished at Fri, 14 Jul 2017 04:06:10 +0000. Datasource DataSourceNoCloud [seed=/dev/sdb][dsmode=net].  Up 81.70 seconds
